-- Configuring done (0.0s)
-- Generating done (0.1s)
-- Build files have been written to: /home/tushenghao/projects/campus-marker-opencv-assignment/build/final-fixes-release
[  2%] Built target marker_display_probe
[ 31%] Built target mark_detector
[ 35%] Built target temporal_stabilizer_test
[ 35%] Built target timing_test
[ 37%] Built target mark_frame_record_reader
[ 38%] Building CXX object CMakeFiles/mark_offline.dir/app/offline_runner.cpp.o
[ 39%] Building CXX object CMakeFiles/mark_offline.dir/app/debug_renderer.cpp.o
[ 41%] Built target temporal_integration_test
[ 43%] Built target display_history_test
[ 45%] Built target block3_contract_regression_test
[ 47%] Built target assignment_completion_test
[ 50%] Built target corner_edge_fit_test
[ 52%] Built target config_contract_test
[ 54%] Built target config_error_test
[ 56%] Built target config_roundtrip_test
[ 60%] Built target detector_contract_test
[ 60%] Built target geometry_model_test
[ 61%] Building CXX object CMakeFiles/mark_offline.dir/app/input_completion.cpp.o
[ 63%] Built target geometry_utils_test
[ 65%] Built target geometry_matcher_test
[ 67%] Built target manual_validation_check
[ 69%] Built target corner_resolver_test
[ 71%] Built target screen_order_test
[ 73%] Built target semantic_resolver_test
[ 74%] Building CXX object CMakeFiles/mark_offline.dir/app/display_session.cpp.o
[ 75%] Building CXX object CMakeFiles/mark_offline.dir/app/video_exporter.cpp.o
[ 76%] Building CXX object CMakeFiles/mark_offline.dir/app/run_console.cpp.o
[ 78%] Built target detection_validator_test
[ 80%] Built target geometry_l_topology_test
[ 82%] Built target observability_verify
[ 84%] Built target final_fixes_verify
[ 86%] Built target diagnostics_record_test
[ 87%] Linking CXX static library libmark_offline.a
[ 87%] Built target mark_offline
[ 88%] Linking CXX executable debug_renderer_test
[ 90%] Building CXX object CMakeFiles/decode_audit.dir/tools/audit/decode_audit.cpp.o
[ 90%] Linking CXX executable observability_integration_test
[ 91%] Linking CXX executable marker_app
[ 92%] Built target debug_renderer_test
[ 93%] Building CXX object CMakeFiles/temporal_audit.dir/tools/audit/temporal_audit.cpp.o
[ 94%] Built target observability_integration_test
[ 95%] Built target marker_app
[ 96%] Linking CXX executable geometry_audit
[ 97%] Linking CXX executable decode_audit
[ 98%] Built target geometry_audit
[ 98%] Built target decode_audit
[100%] Linking CXX executable temporal_audit
[100%] Built target temporal_audit
