-- Configuring done (0.0s)
-- Generating done (0.0s)
-- Build files have been written to: /home/tushenghao/projects/campus-marker-opencv-assignment/build/final-fixes-release
[  1%] Building CXX object CMakeFiles/marker_display_probe.dir/app/display_probe.cpp.o
[  2%] Building CXX object CMakeFiles/mark_detector.dir/lib/pipeline/diagnostics_recorder.cpp.o
[  4%] Building CXX object CMakeFiles/mark_detector.dir/lib/config/config.cpp.o
[  4%] Building CXX object CMakeFiles/mark_detector.dir/lib/pipeline/run_report.cpp.o
[  5%] Linking CXX executable marker_display_probe
[  5%] Built target marker_display_probe
[  6%] Building CXX object CMakeFiles/mark_detector.dir/lib/pipeline/temporal_stabilizer.cpp.o
[  7%] Building CXX object CMakeFiles/mark_detector.dir/lib/pipeline/detector.cpp.o
[  8%] Linking CXX static library libmark_detector.a
[ 31%] Built target mark_detector
[ 32%] Building CXX object CMakeFiles/timing_test.dir/tests/timing_test.cpp.o
[ 34%] Built target mark_frame_record_reader
[ 35%] Linking CXX executable temporal_stabilizer_test
[ 36%] Building CXX object CMakeFiles/mark_offline.dir/app/offline_runner.cpp.o
[ 37%] Linking CXX executable display_history_test
[ 38%] Built target display_history_test
[ 39%] Built target temporal_stabilizer_test
[ 40%] Building CXX object CMakeFiles/temporal_integration_test.dir/tests/temporal_integration_test.cpp.o
[ 41%] Building CXX object CMakeFiles/block3_contract_regression_test.dir/tests/block3_contract_regression_test.cpp.o
[ 42%] Linking CXX executable timing_test
[ 42%] Built target timing_test
[ 43%] Linking CXX executable assignment_completion_test
[ 44%] Built target assignment_completion_test
[ 45%] Linking CXX executable corner_edge_fit_test
[ 46%] Built target corner_edge_fit_test
[ 47%] Linking CXX executable config_contract_test
[ 48%] Built target config_contract_test
[ 50%] Building CXX object CMakeFiles/config_error_test.dir/tests/config_error_test.cpp.o
[ 51%] Linking CXX executable temporal_integration_test
[ 52%] Building CXX object CMakeFiles/mark_offline.dir/app/debug_renderer.cpp.o
[ 52%] Built target temporal_integration_test
[ 53%] Linking CXX executable config_error_test
[ 54%] Building CXX object CMakeFiles/config_roundtrip_test.dir/tests/config_roundtrip_test.cpp.o
[ 54%] Built target config_error_test
[ 55%] Linking CXX executable detector_contract_test
[ 56%] Linking CXX executable block3_contract_regression_test
[ 57%] Built target detector_contract_test
[ 58%] Linking CXX executable geometry_model_test
[ 59%] Linking CXX executable config_roundtrip_test
[ 59%] Built target block3_contract_regression_test
[ 60%] Linking CXX executable geometry_utils_test
[ 61%] Built target geometry_model_test
[ 62%] Building CXX object CMakeFiles/mark_offline.dir/app/input_completion.cpp.o
[ 62%] Built target config_roundtrip_test
[ 63%] Building CXX object CMakeFiles/geometry_matcher_test.dir/tests/geometry_matcher_test.cpp.o
[ 64%] Built target geometry_utils_test
[ 65%] Linking CXX executable manual_validation_check
[ 66%] Building CXX object CMakeFiles/mark_offline.dir/app/display_session.cpp.o
[ 67%] Built target manual_validation_check
[ 68%] Linking CXX executable corner_resolver_test
[ 69%] Building CXX object CMakeFiles/mark_offline.dir/app/video_exporter.cpp.o
[ 70%] Built target corner_resolver_test
[ 71%] Linking CXX executable screen_order_test
[ 72%] Built target screen_order_test
[ 73%] Linking CXX executable semantic_resolver_test
[ 74%] Built target semantic_resolver_test
[ 75%] Linking CXX executable detection_validator_test
[ 76%] Linking CXX executable geometry_l_topology_test
[ 77%] Built target detection_validator_test
[ 78%] Building CXX object CMakeFiles/observability_verify.dir/tools/validation/observability_verify.cpp.o
[ 79%] Building CXX object CMakeFiles/mark_offline.dir/app/run_console.cpp.o
[ 80%] Built target geometry_l_topology_test
[ 81%] Building CXX object CMakeFiles/final_fixes_verify.dir/tools/validation/final_fixes_verify.cpp.o
[ 82%] Linking CXX executable geometry_matcher_test
[ 82%] Built target geometry_matcher_test
[ 83%] Building CXX object CMakeFiles/diagnostics_record_test.dir/tests/diagnostics_record_test.cpp.o
[ 84%] Linking CXX static library libmark_offline.a
[ 84%] Built target mark_offline
[ 85%] Building CXX object CMakeFiles/marker_app.dir/app/main.cpp.o
[ 86%] Linking CXX executable marker_app
[ 86%] Built target marker_app
[ 87%] Building CXX object CMakeFiles/debug_renderer_test.dir/tests/debug_renderer_test.cpp.o
[ 88%] Linking CXX executable observability_verify
[ 88%] Built target observability_verify
[ 89%] Building CXX object CMakeFiles/observability_integration_test.dir/tests/observability_integration_test.cpp.o
[ 90%] Linking CXX executable diagnostics_record_test
[ 90%] Built target diagnostics_record_test
[ 91%] Building CXX object CMakeFiles/decode_audit.dir/tools/audit/decode_audit.cpp.o
[ 92%] Linking CXX executable final_fixes_verify
[ 92%] Built target final_fixes_verify
[ 93%] Building CXX object CMakeFiles/temporal_audit.dir/tools/audit/temporal_audit.cpp.o
[ 94%] Linking CXX executable decode_audit
[ 95%] Linking CXX executable debug_renderer_test
[ 95%] Built target decode_audit
[ 95%] Built target debug_renderer_test
[ 96%] Building CXX object CMakeFiles/geometry_audit.dir/tools/audit/geometry_audit.cpp.o
[ 97%] Linking CXX executable observability_integration_test
[ 98%] Linking CXX executable geometry_audit
[100%] Linking CXX executable temporal_audit
[100%] Built target observability_integration_test
[100%] Built target geometry_audit
[100%] Built target temporal_audit
