-- Configuring done (0.0s)
-- Generating done (0.0s)
-- Build files have been written to: /home/tushenghao/projects/campus-marker-opencv-assignment/build/final-fixes-release
[  2%] Built target marker_display_probe
[  3%] Building CXX object CMakeFiles/mark_detector.dir/lib/config/config.cpp.o
[  4%] Linking CXX static library libmark_detector.a
[ 31%] Built target mark_detector
[ 34%] Linking CXX executable timing_test
[ 34%] Linking CXX executable temporal_stabilizer_test
[ 35%] Built target mark_frame_record_reader
[ 36%] Building CXX object CMakeFiles/mark_offline.dir/app/offline_runner.cpp.o
[ 37%] Linking CXX executable display_history_test
[ 38%] Built target timing_test
[ 39%] Linking CXX executable temporal_integration_test
[ 40%] Built target temporal_stabilizer_test
[ 41%] Linking CXX executable block3_contract_regression_test
[ 42%] Built target display_history_test
[ 43%] Linking CXX executable assignment_completion_test
[ 44%] Built target temporal_integration_test
[ 45%] Linking CXX executable corner_edge_fit_test
[ 46%] Built target block3_contract_regression_test
[ 48%] Linking CXX executable config_contract_test
[ 48%] Built target assignment_completion_test
[ 50%] Linking CXX executable config_error_test
[ 51%] Built target corner_edge_fit_test
[ 52%] Linking CXX executable config_roundtrip_test
[ 53%] Built target config_error_test
[ 54%] Linking CXX executable detector_contract_test
[ 55%] Built target config_contract_test
[ 56%] Linking CXX executable geometry_model_test
[ 57%] Built target config_roundtrip_test
[ 58%] Linking CXX executable geometry_utils_test
[ 59%] Built target detector_contract_test
[ 60%] Built target geometry_model_test
[ 61%] Linking CXX executable geometry_matcher_test
[ 62%] Linking CXX executable manual_validation_check
[ 63%] Built target manual_validation_check
[ 64%] Built target geometry_matcher_test
[ 65%] Linking CXX executable corner_resolver_test
[ 66%] Linking CXX executable screen_order_test
[ 67%] Built target geometry_utils_test
[ 68%] Linking CXX executable semantic_resolver_test
[ 69%] Built target screen_order_test
[ 70%] Built target corner_resolver_test
[ 71%] Linking CXX executable detection_validator_test
[ 72%] Linking CXX executable geometry_l_topology_test
[ 73%] Built target semantic_resolver_test
[ 74%] Linking CXX executable observability_verify
[ 75%] Built target detection_validator_test
[ 76%] Built target geometry_l_topology_test
[ 77%] Building CXX object CMakeFiles/mark_offline.dir/app/debug_renderer.cpp.o
[ 78%] Linking CXX executable final_fixes_verify
[ 79%] Built target observability_verify
[ 80%] Linking CXX executable diagnostics_record_test
[ 81%] Built target diagnostics_record_test
[ 82%] Building CXX object CMakeFiles/mark_offline.dir/app/input_completion.cpp.o
[ 83%] Built target final_fixes_verify
[ 84%] Building CXX object CMakeFiles/mark_offline.dir/app/display_session.cpp.o
[ 85%] Building CXX object CMakeFiles/mark_offline.dir/app/video_exporter.cpp.o
[ 86%] Building CXX object CMakeFiles/mark_offline.dir/app/run_console.cpp.o
[ 87%] Linking CXX static library libmark_offline.a
[ 87%] Built target mark_offline
[ 89%] Building CXX object CMakeFiles/marker_app.dir/app/main.cpp.o
[ 89%] Linking CXX executable debug_renderer_test
[ 90%] Building CXX object CMakeFiles/decode_audit.dir/tools/audit/decode_audit.cpp.o
[ 91%] Building CXX object CMakeFiles/observability_integration_test.dir/tests/observability_integration_test.cpp.o
[ 92%] Built target debug_renderer_test
[ 93%] Building CXX object CMakeFiles/temporal_audit.dir/tools/audit/temporal_audit.cpp.o
[ 94%] Linking CXX executable decode_audit
[ 95%] Linking CXX executable marker_app
[ 95%] Built target decode_audit
[ 96%] Linking CXX executable geometry_audit
[ 96%] Built target marker_app
[ 97%] Built target geometry_audit
[ 98%] Linking CXX executable temporal_audit
[100%] Linking CXX executable observability_integration_test
[100%] Built target temporal_audit
[100%] Built target observability_integration_test
