-- Configuring done (0.0s)
-- Generating done (0.0s)
-- Build files have been written to: /home/tushenghao/projects/campus-marker-opencv-assignment/build/block3-repair
[  3%] Built target config_contract_test
[  5%] Building CXX object CMakeFiles/mark_detector.dir/geometry_matcher.cpp.o
[  7%] Linking CXX static library libmark_detector.a
[ 38%] Built target mark_detector
[ 40%] Linking CXX executable corner_edge_fit_test
[ 41%] Linking CXX executable marker_app
[ 43%] Linking CXX executable block3_contract_regression_test
[ 45%] Linking CXX executable assignment_completion_test
[ 47%] Built target block3_contract_regression_test
[ 49%] Built target marker_app
[ 50%] Built target assignment_completion_test
[ 52%] Built target corner_edge_fit_test
[ 54%] Linking CXX executable config_error_test
[ 56%] Linking CXX executable config_roundtrip_test
[ 58%] Linking CXX executable detector_contract_test
[ 60%] Linking CXX executable geometry_model_test
[ 61%] Built target config_roundtrip_test
[ 63%] Built target config_error_test
[ 65%] Built target geometry_model_test
[ 67%] Built target detector_contract_test
[ 69%] Linking CXX executable geometry_utils_test
[ 70%] Linking CXX executable manual_validation_check
[ 72%] Linking CXX executable geometry_matcher_test
[ 74%] Linking CXX executable corner_resolver_test
[ 76%] Built target geometry_matcher_test
[ 78%] Built target manual_validation_check
[ 80%] Built target corner_resolver_test
[ 81%] Linking CXX executable screen_order_test
[ 83%] Linking CXX executable semantic_resolver_test
[ 85%] Linking CXX executable detection_validator_test
[ 87%] Built target geometry_utils_test
[ 89%] Building CXX object CMakeFiles/decode_audit.dir/tools/decode_audit.cpp.o
[ 90%] Built target screen_order_test
[ 92%] Building CXX object CMakeFiles/geometry_l_topology_test.dir/tests/geometry_l_topology_test.cpp.o
[ 94%] Built target semantic_resolver_test
[ 96%] Built target detection_validator_test
[ 98%] Linking CXX executable decode_audit
[ 98%] Built target decode_audit
[100%] Linking CXX executable geometry_l_topology_test
[100%] Built target geometry_l_topology_test
