[  3%] Built target config_contract_test
[ 38%] Built target mark_detector
[ 40%] Building CXX object CMakeFiles/assignment_completion_test.dir/tests/assignment_completion_test.cpp.o
[ 43%] Linking CXX executable marker_app
[ 43%] Building CXX object CMakeFiles/corner_edge_fit_test.dir/tests/corner_edge_fit_test.cpp.o
[ 45%] Building CXX object CMakeFiles/block3_contract_regression_test.dir/tests/block3_contract_regression_test.cpp.o
[ 47%] Built target marker_app
[ 49%] Linking CXX executable config_error_test
[ 50%] Built target config_error_test
[ 52%] Linking CXX executable config_roundtrip_test
[ 54%] Built target config_roundtrip_test
[ 56%] Linking CXX executable detector_contract_test
[ 58%] Built target detector_contract_test
[ 60%] Linking CXX executable geometry_model_test
[ 61%] Built target geometry_model_test
[ 63%] Linking CXX executable geometry_utils_test
[ 65%] Built target geometry_utils_test
[ 67%] Building CXX object CMakeFiles/geometry_matcher_test.dir/tests/geometry_matcher_test.cpp.o
[ 69%] Linking CXX executable corner_edge_fit_test
[ 69%] Built target corner_edge_fit_test
[ 70%] Building CXX object CMakeFiles/manual_validation_check.dir/tests/manual_validation_check.cpp.o
[ 72%] Linking CXX executable geometry_matcher_test
[ 72%] Built target geometry_matcher_test
[ 74%] Building CXX object CMakeFiles/corner_resolver_test.dir/tests/corner_resolver_test.cpp.o
[ 76%] Linking CXX executable assignment_completion_test
[ 78%] Linking CXX executable block3_contract_regression_test
[ 78%] Built target assignment_completion_test
[ 80%] Linking CXX executable screen_order_test
[ 81%] Linking CXX executable manual_validation_check
[ 81%] Built target block3_contract_regression_test
[ 83%] Linking CXX executable semantic_resolver_test
[ 83%] Built target manual_validation_check
[ 85%] Built target screen_order_test
[ 87%] Building CXX object CMakeFiles/decode_audit.dir/tools/decode_audit.cpp.o
[ 89%] Building CXX object CMakeFiles/detection_validator_test.dir/tests/detection_validator_test.cpp.o
[ 90%] Built target semantic_resolver_test
[ 94%] Built target geometry_l_topology_test
[ 96%] Linking CXX executable corner_resolver_test
[ 98%] Linking CXX executable decode_audit
[ 98%] Built target corner_resolver_test
[100%] Linking CXX executable detection_validator_test
[100%] Built target detection_validator_test
[100%] Built target decode_audit
