[  1%] Building CXX object CMakeFiles/mark_detector.dir/preprocess.cpp.o
[  3%] Building CXX object CMakeFiles/mark_detector.dir/detector.cpp.o
[  5%] Building CXX object CMakeFiles/config_contract_test.dir/tests/config_contract_test.cpp.o
[  7%] Building CXX object CMakeFiles/mark_detector.dir/config.cpp.o
[  9%] Linking CXX executable config_contract_test
[  9%] Built target config_contract_test
[ 10%] Building CXX object CMakeFiles/mark_detector.dir/marker_geometry.cpp.o
[ 12%] Building CXX object CMakeFiles/mark_detector.dir/geometry_utils.cpp.o
[ 14%] Building CXX object CMakeFiles/mark_detector.dir/geometry_matcher.cpp.o
[ 16%] Building CXX object CMakeFiles/mark_detector.dir/geometry_observation.cpp.o
[ 18%] Building CXX object CMakeFiles/mark_detector.dir/geometry_l_topology.cpp.o
[ 20%] Building CXX object CMakeFiles/mark_detector.dir/geometry_validation.cpp.o
[ 21%] Building CXX object CMakeFiles/mark_detector.dir/geometry_assignment_completion.cpp.o
[ 23%] Building CXX object CMakeFiles/mark_detector.dir/decode_stage.cpp.o
[ 25%] Building CXX object CMakeFiles/mark_detector.dir/corner_resolver.cpp.o
[ 27%] Building CXX object CMakeFiles/mark_detector.dir/corner_observation.cpp.o
[ 29%] Building CXX object CMakeFiles/mark_detector.dir/corner_edge_fit.cpp.o
[ 30%] Building CXX object CMakeFiles/mark_detector.dir/corner_evidence_validation.cpp.o
[ 32%] Building CXX object CMakeFiles/mark_detector.dir/screen_order.cpp.o
[ 34%] Building CXX object CMakeFiles/mark_detector.dir/semantic_resolver.cpp.o
[ 36%] Building CXX object CMakeFiles/mark_detector.dir/detection_validator.cpp.o
[ 38%] Linking CXX static library libmark_detector.a
[ 38%] Built target mark_detector
[ 40%] Building CXX object CMakeFiles/block3_contract_regression_test.dir/tests/block3_contract_regression_test.cpp.o
[ 41%] Building CXX object CMakeFiles/corner_edge_fit_test.dir/tests/corner_edge_fit_test.cpp.o
[ 45%] Building CXX object CMakeFiles/marker_app.dir/main.cpp.o
[ 45%] Building CXX object CMakeFiles/assignment_completion_test.dir/tests/assignment_completion_test.cpp.o
[ 47%] Linking CXX executable marker_app
[ 47%] Built target marker_app
[ 49%] Building CXX object CMakeFiles/config_error_test.dir/tests/config_error_test.cpp.o
[ 50%] Linking CXX executable corner_edge_fit_test
[ 52%] Linking CXX executable config_error_test
[ 52%] Built target corner_edge_fit_test
[ 54%] Building CXX object CMakeFiles/config_roundtrip_test.dir/tests/config_roundtrip_test.cpp.o
[ 54%] Built target config_error_test
[ 56%] Building CXX object CMakeFiles/detector_contract_test.dir/tests/detector_contract_test.cpp.o
[ 58%] Linking CXX executable config_roundtrip_test
[ 58%] Built target config_roundtrip_test
[ 60%] Building CXX object CMakeFiles/geometry_model_test.dir/tests/geometry_model_test.cpp.o
[ 61%] Linking CXX executable assignment_completion_test
[ 63%] Linking CXX executable block3_contract_regression_test
[ 63%] Built target assignment_completion_test
[ 65%] Building CXX object CMakeFiles/geometry_utils_test.dir/tests/geometry_utils_test.cpp.o
[ 65%] Built target block3_contract_regression_test
[ 67%] Building CXX object CMakeFiles/geometry_matcher_test.dir/tests/geometry_matcher_test.cpp.o
[ 69%] Linking CXX executable geometry_model_test
[ 70%] Linking CXX executable detector_contract_test
[ 70%] Built target geometry_model_test
[ 72%] Building CXX object CMakeFiles/manual_validation_check.dir/tests/manual_validation_check.cpp.o
[ 72%] Built target detector_contract_test
[ 74%] Building CXX object CMakeFiles/corner_resolver_test.dir/tests/corner_resolver_test.cpp.o
[ 76%] Linking CXX executable geometry_utils_test
[ 76%] Built target geometry_utils_test
[ 78%] Building CXX object CMakeFiles/screen_order_test.dir/tests/screen_order_test.cpp.o
[ 80%] Linking CXX executable geometry_matcher_test
[ 80%] Built target geometry_matcher_test
[ 81%] Building CXX object CMakeFiles/semantic_resolver_test.dir/tests/semantic_resolver_test.cpp.o
[ 83%] Linking CXX executable manual_validation_check
[ 83%] Built target manual_validation_check
[ 85%] Building CXX object CMakeFiles/detection_validator_test.dir/tests/detection_validator_test.cpp.o
[ 87%] Linking CXX executable screen_order_test
[ 87%] Built target screen_order_test
[ 89%] Building CXX object CMakeFiles/decode_audit.dir/tools/decode_audit.cpp.o
[ 90%] Linking CXX executable corner_resolver_test
[ 90%] Built target corner_resolver_test
[ 92%] Building CXX object CMakeFiles/geometry_l_topology_test.dir/tests/geometry_l_topology_test.cpp.o
[ 94%] Linking CXX executable semantic_resolver_test
[ 96%] Linking CXX executable detection_validator_test
[ 96%] Built target semantic_resolver_test
[ 98%] Linking CXX executable decode_audit
[ 98%] Built target detection_validator_test
[ 98%] Built target decode_audit
[100%] Linking CXX executable geometry_l_topology_test
[100%] Built target geometry_l_topology_test
