-- GLOB mismatch!
-- GLOB mismatch!
-- GLOB mismatch!
-- GLOB mismatch!
-- Found OpenCV: /usr (found suitable version "4.6.0", minimum required is "4") found components: core imgproc imgcodecs 
-- Found nlohmann_json: /usr/share/cmake/nlohmann_json/nlohmann_jsonConfig.cmake (found suitable version "3.11.3", minimum required is "3.2") 
-- Found OpenSSL: /usr/lib/x86_64-linux-gnu/libcrypto.so (found version "3.0.13") found components: Crypto 
-- Found OpenCV: /usr (found version "4.6.0") 
-- Found nlohmann_json: /usr/share/cmake/nlohmann_json/nlohmann_jsonConfig.cmake (found version "3.11.3") 
-- Found OpenSSL: /usr/lib/x86_64-linux-gnu/libcrypto.so (found version "3.0.13")  
-- Configuring done (0.6s)
-- Generating done (0.1s)
-- Build files have been written to: /home/tushenghao/projects/campus-marker-opencv-assignment/build/block3-fixture
[ 30%] Built target synthetic_gen_core
[ 36%] Building CXX object detector/CMakeFiles/mark_detector.dir/preprocess.cpp.o
[ 36%] Building CXX object detector/CMakeFiles/mark_detector.dir/geometry_observation.cpp.o
[ 40%] Building CXX object detector/CMakeFiles/mark_detector.dir/geometry_matcher.cpp.o
[ 43%] Building CXX object detector/CMakeFiles/mark_detector.dir/detector.cpp.o
[ 46%] Building CXX object detector/CMakeFiles/mark_detector.dir/geometry_l_topology.cpp.o
[ 50%] Building CXX object detector/CMakeFiles/mark_detector.dir/geometry_validation.cpp.o
[ 53%] Building CXX object detector/CMakeFiles/mark_detector.dir/geometry_assignment_completion.cpp.o
[ 56%] Building CXX object detector/CMakeFiles/mark_detector.dir/decode_stage.cpp.o
[ 60%] Building CXX object detector/CMakeFiles/mark_detector.dir/corner_resolver.cpp.o
[ 63%] Building CXX object detector/CMakeFiles/mark_detector.dir/corner_observation.cpp.o
[ 66%] Linking CXX static library libmark_detector.a
[ 93%] Built target mark_detector
[ 96%] Building CXX object CMakeFiles/block3_verify.dir/verify.cpp.o
[100%] Linking CXX executable block3_verify
[100%] Built target block3_verify
