-- Configuring done (0.0s)
-- Generating done (0.0s)
-- Build files have been written to: /home/tushenghao/projects/campus-marker-opencv-assignment/build/final-fixes-release
[  2%] Building CXX object CMakeFiles/mark_detector.dir/lib/pipeline/diagnostics_context.cpp.o
[  2%] Building CXX object CMakeFiles/mark_detector.dir/lib/core/timing.cpp.o
[  3%] Building CXX object CMakeFiles/mark_detector.dir/lib/pipeline/diagnostics_recorder.cpp.o
[  4%] Building CXX object CMakeFiles/mark_detector.dir/lib/pipeline/run_report.cpp.o
[  5%] Building CXX object CMakeFiles/mark_detector.dir/lib/preprocess/preprocess.cpp.o
[  6%] Building CXX object CMakeFiles/mark_detector.dir/lib/corners/detection_publication.cpp.o
[  7%] Building CXX object CMakeFiles/mark_detector.dir/lib/pipeline/decode_stage.cpp.o
[  8%] Building CXX object CMakeFiles/mark_detector.dir/lib/pipeline/frame_sequence.cpp.o
[  9%] Building CXX object CMakeFiles/mark_detector.dir/lib/pipeline/temporal_geometry.cpp.o
[ 10%] Building CXX object CMakeFiles/mark_detector.dir/lib/pipeline/temporal_stabilizer.cpp.o
[ 12%] Building CXX object CMakeFiles/mark_detector.dir/lib/pipeline/display_history.cpp.o
[ 13%] Building CXX object CMakeFiles/mark_detector.dir/lib/pipeline/stabilize_stage.cpp.o
[ 14%] Building CXX object CMakeFiles/mark_detector.dir/lib/pipeline/detector.cpp.o
[ 15%] Linking CXX static library libmark_detector.a
[ 31%] Built target mark_detector
[ 32%] Building CXX object CMakeFiles/mark_frame_record_reader.dir/tools/common/frame_record_reader.cpp.o
[ 34%] Building CXX object CMakeFiles/timing_test.dir/tests/timing_test.cpp.o
[ 36%] Building CXX object CMakeFiles/temporal_stabilizer_test.dir/tests/temporal_stabilizer_test.cpp.o
[ 36%] Building CXX object CMakeFiles/mark_offline.dir/app/offline_runner.cpp.o
[ 37%] Linking CXX executable timing_test
[ 37%] Built target timing_test
[ 38%] Building CXX object CMakeFiles/display_history_test.dir/tests/display_history_test.cpp.o
[ 39%] Linking CXX executable temporal_stabilizer_test
[ 40%] Linking CXX static library libmark_frame_record_reader.a
[ 40%] Built target mark_frame_record_reader
[ 41%] Building CXX object CMakeFiles/temporal_integration_test.dir/tests/temporal_integration_test.cpp.o
[ 42%] Building CXX object CMakeFiles/mark_offline.dir/app/debug_renderer.cpp.o
[ 42%] Built target temporal_stabilizer_test
[ 43%] Building CXX object CMakeFiles/block3_contract_regression_test.dir/tests/block3_contract_regression_test.cpp.o
[ 45%] Linking CXX executable display_history_test
[ 45%] Built target display_history_test
[ 46%] Building CXX object CMakeFiles/assignment_completion_test.dir/tests/assignment_completion_test.cpp.o
[ 47%] Building CXX object CMakeFiles/mark_offline.dir/app/input_completion.cpp.o
[ 48%] Linking CXX static library libmark_offline.a
[ 48%] Built target mark_offline
[ 49%] Building CXX object CMakeFiles/corner_edge_fit_test.dir/tests/corner_edge_fit_test.cpp.o
[ 50%] Linking CXX executable temporal_integration_test
[ 50%] Built target temporal_integration_test
[ 51%] Linking CXX executable config_contract_test
[ 52%] Built target config_contract_test
[ 53%] Linking CXX executable config_error_test
[ 54%] Linking CXX executable corner_edge_fit_test
[ 56%] Linking CXX executable block3_contract_regression_test
[ 57%] Built target config_error_test
[ 57%] Built target corner_edge_fit_test
[ 58%] Linking CXX executable config_roundtrip_test
[ 59%] Building CXX object CMakeFiles/detector_contract_test.dir/tests/detector_contract_test.cpp.o
[ 60%] Linking CXX executable assignment_completion_test
[ 60%] Built target block3_contract_regression_test
[ 61%] Linking CXX executable geometry_model_test
[ 62%] Built target config_roundtrip_test
[ 62%] Built target assignment_completion_test
[ 63%] Linking CXX executable geometry_utils_test
[ 64%] Building CXX object CMakeFiles/geometry_matcher_test.dir/tests/geometry_matcher_test.cpp.o
[ 65%] Built target geometry_model_test
[ 67%] Linking CXX executable manual_validation_check
[ 68%] Built target geometry_utils_test
[ 69%] Building CXX object CMakeFiles/corner_resolver_test.dir/tests/corner_resolver_test.cpp.o
[ 70%] Built target manual_validation_check
[ 71%] Linking CXX executable screen_order_test
[ 72%] Built target screen_order_test
[ 73%] Building CXX object CMakeFiles/semantic_resolver_test.dir/tests/semantic_resolver_test.cpp.o
[ 74%] Linking CXX executable detector_contract_test
[ 74%] Built target detector_contract_test
[ 75%] Building CXX object CMakeFiles/detection_validator_test.dir/tests/detection_validator_test.cpp.o
[ 76%] Linking CXX executable geometry_matcher_test
[ 76%] Built target geometry_matcher_test
[ 78%] Building CXX object CMakeFiles/geometry_l_topology_test.dir/tests/geometry_l_topology_test.cpp.o
[ 79%] Linking CXX executable corner_resolver_test
[ 79%] Built target corner_resolver_test
[ 80%] Building CXX object CMakeFiles/decode_audit.dir/tools/audit/decode_audit.cpp.o
[ 81%] Linking CXX executable semantic_resolver_test
[ 81%] Built target semantic_resolver_test
[ 82%] Building CXX object CMakeFiles/temporal_audit.dir/tools/audit/temporal_audit.cpp.o
[ 83%] Linking CXX executable detection_validator_test
[ 83%] Built target detection_validator_test
[ 84%] Building CXX object CMakeFiles/geometry_audit.dir/tools/audit/geometry_audit.cpp.o
[ 85%] Linking CXX executable decode_audit
[ 85%] Built target decode_audit
[ 86%] Building CXX object CMakeFiles/observability_verify.dir/tools/validation/observability_verify.cpp.o
[ 87%] Linking CXX executable geometry_l_topology_test
[ 89%] Linking CXX executable geometry_audit
[ 89%] Built target geometry_l_topology_test
[ 90%] Building CXX object CMakeFiles/marker_app.dir/app/main.cpp.o
[ 91%] Linking CXX executable temporal_audit
[ 91%] Built target geometry_audit
[ 92%] Building CXX object CMakeFiles/diagnostics_record_test.dir/tests/diagnostics_record_test.cpp.o
[ 92%] Built target temporal_audit
[ 93%] Building CXX object CMakeFiles/debug_renderer_test.dir/tests/debug_renderer_test.cpp.o
[ 94%] Linking CXX executable marker_app
[ 94%] Built target marker_app
[ 95%] Building CXX object CMakeFiles/observability_integration_test.dir/tests/observability_integration_test.cpp.o
[ 96%] Linking CXX executable observability_verify
[ 96%] Built target observability_verify
[ 97%] Linking CXX executable diagnostics_record_test
[ 98%] Linking CXX executable debug_renderer_test
[ 98%] Built target diagnostics_record_test
[ 98%] Built target debug_renderer_test
[100%] Linking CXX executable observability_integration_test
[100%] Built target observability_integration_test
