[  1%] Building CXX object CMakeFiles/mark_detector.dir/lib/core/timing.cpp.o
[  2%] Building CXX object CMakeFiles/mark_detector.dir/lib/pipeline/diagnostics_context.cpp.o
[  3%] Building CXX object CMakeFiles/mark_detector.dir/lib/pipeline/run_report.cpp.o
[  4%] Building CXX object CMakeFiles/mark_detector.dir/lib/pipeline/diagnostics_recorder.cpp.o
[  5%] Building CXX object CMakeFiles/mark_detector.dir/lib/core/marker_geometry.cpp.o
[  6%] Building CXX object CMakeFiles/mark_detector.dir/lib/core/geometry_utils.cpp.o
[  7%] Building CXX object CMakeFiles/mark_detector.dir/lib/config/config.cpp.o
[  8%] Building CXX object CMakeFiles/mark_detector.dir/lib/preprocess/preprocess.cpp.o
[  9%] Building CXX object CMakeFiles/mark_detector.dir/lib/geometry/geometry_matcher.cpp.o
[ 10%] Building CXX object CMakeFiles/mark_detector.dir/lib/geometry/geometry_observation.cpp.o
[ 12%] Building CXX object CMakeFiles/mark_detector.dir/lib/geometry/geometry_l_topology.cpp.o
[ 13%] Building CXX object CMakeFiles/mark_detector.dir/lib/geometry/geometry_validation.cpp.o
[ 14%] Building CXX object CMakeFiles/mark_detector.dir/lib/geometry/geometry_assignment_completion.cpp.o
[ 15%] Building CXX object CMakeFiles/mark_detector.dir/lib/corners/corner_resolver.cpp.o
[ 16%] Building CXX object CMakeFiles/mark_detector.dir/lib/corners/corner_observation.cpp.o
[ 17%] Building CXX object CMakeFiles/mark_detector.dir/lib/corners/corner_edge_fit.cpp.o
[ 18%] Building CXX object CMakeFiles/mark_detector.dir/lib/corners/corner_evidence_validation.cpp.o
[ 19%] Building CXX object CMakeFiles/mark_detector.dir/lib/corners/screen_order.cpp.o
[ 20%] Building CXX object CMakeFiles/mark_detector.dir/lib/corners/semantic_resolver.cpp.o
[ 21%] Building CXX object CMakeFiles/mark_detector.dir/lib/corners/detection_validator.cpp.o
[ 23%] Building CXX object CMakeFiles/mark_detector.dir/lib/corners/detection_publication.cpp.o
[ 24%] Building CXX object CMakeFiles/mark_detector.dir/lib/pipeline/decode_stage.cpp.o
[ 25%] Building CXX object CMakeFiles/mark_detector.dir/lib/pipeline/frame_sequence.cpp.o
[ 26%] Building CXX object CMakeFiles/mark_detector.dir/lib/pipeline/temporal_geometry.cpp.o
[ 27%] Building CXX object CMakeFiles/mark_detector.dir/lib/pipeline/temporal_stabilizer.cpp.o
[ 28%] Building CXX object CMakeFiles/mark_detector.dir/lib/pipeline/display_history.cpp.o
[ 29%] Building CXX object CMakeFiles/mark_detector.dir/lib/pipeline/stabilize_stage.cpp.o
[ 30%] Building CXX object CMakeFiles/mark_detector.dir/lib/pipeline/detector.cpp.o
[ 31%] Linking CXX static library libmark_detector.a
[ 31%] Built target mark_detector
[ 32%] Building CXX object CMakeFiles/mark_offline.dir/app/offline_runner.cpp.o
[ 34%] Building CXX object CMakeFiles/temporal_stabilizer_test.dir/tests/temporal_stabilizer_test.cpp.o
[ 35%] Building CXX object CMakeFiles/timing_test.dir/tests/timing_test.cpp.o
[ 36%] Building CXX object CMakeFiles/mark_frame_record_reader.dir/tools/common/frame_record_reader.cpp.o
[ 37%] Linking CXX executable timing_test
[ 37%] Built target timing_test
[ 38%] Building CXX object CMakeFiles/display_history_test.dir/tests/display_history_test.cpp.o
[ 39%] Linking CXX executable temporal_stabilizer_test
[ 40%] Linking CXX static library libmark_frame_record_reader.a
[ 40%] Built target mark_frame_record_reader
[ 41%] Building CXX object CMakeFiles/temporal_integration_test.dir/tests/temporal_integration_test.cpp.o
[ 42%] Building CXX object CMakeFiles/mark_offline.dir/app/debug_renderer.cpp.o
[ 42%] Built target temporal_stabilizer_test
[ 43%] Building CXX object CMakeFiles/block3_contract_regression_test.dir/tests/block3_contract_regression_test.cpp.o
[ 45%] Linking CXX executable display_history_test
[ 45%] Built target display_history_test
[ 46%] Building CXX object CMakeFiles/mark_offline.dir/app/input_completion.cpp.o
[ 47%] Building CXX object CMakeFiles/assignment_completion_test.dir/tests/assignment_completion_test.cpp.o
[ 48%] Linking CXX executable temporal_integration_test
[ 48%] Built target temporal_integration_test
[ 49%] Linking CXX executable block3_contract_regression_test
[ 49%] Built target block3_contract_regression_test
[ 50%] Linking CXX executable assignment_completion_test
[ 50%] Built target assignment_completion_test
