-- Configuring done (0.0s)
-- Generating done (0.0s)
-- Build files have been written to: /home/tushenghao/projects/campus-marker-opencv-assignment/build/final-fixes-release
[ 31%] Built target mark_detector
[ 34%] Built target mark_frame_record_reader
[ 35%] Building CXX object CMakeFiles/mark_offline.dir/app/offline_runner.cpp.o
[ 37%] Built target timing_test
[ 39%] Built target temporal_stabilizer_test
[ 40%] Building CXX object CMakeFiles/mark_offline.dir/app/debug_renderer.cpp.o
[ 42%] Built target display_history_test
[ 45%] Built target temporal_integration_test
[ 47%] Built target block3_contract_regression_test
[ 49%] Built target assignment_completion_test
[ 50%] Building CXX object CMakeFiles/mark_offline.dir/app/input_completion.cpp.o
[ 51%] Building CXX object CMakeFiles/corner_edge_fit_test.dir/tests/corner_edge_fit_test.cpp.o
[ 52%] Building CXX object CMakeFiles/config_contract_test.dir/tests/config_contract_test.cpp.o
[ 53%] Linking CXX executable config_contract_test
[ 53%] Built target config_contract_test
[ 54%] Building CXX object CMakeFiles/config_error_test.dir/tests/config_error_test.cpp.o
[ 56%] Building CXX object CMakeFiles/config_roundtrip_test.dir/tests/config_roundtrip_test.cpp.o
[ 57%] Linking CXX executable config_error_test
[ 58%] Linking CXX executable corner_edge_fit_test
[ 58%] Built target config_error_test
[ 59%] Building CXX object CMakeFiles/detector_contract_test.dir/tests/detector_contract_test.cpp.o
[ 60%] Linking CXX executable config_roundtrip_test
[ 60%] Built target corner_edge_fit_test
[ 61%] Building CXX object CMakeFiles/geometry_model_test.dir/tests/geometry_model_test.cpp.o
[ 61%] Built target config_roundtrip_test
[ 62%] Building CXX object CMakeFiles/geometry_utils_test.dir/tests/geometry_utils_test.cpp.o
[ 63%] Linking CXX static library libmark_offline.a
[ 63%] Built target mark_offline
[ 64%] Building CXX object CMakeFiles/geometry_matcher_test.dir/tests/geometry_matcher_test.cpp.o
[ 65%] Linking CXX executable geometry_utils_test
[ 67%] Linking CXX executable geometry_model_test
[ 67%] Built target geometry_model_test
[ 68%] Building CXX object CMakeFiles/manual_validation_check.dir/tests/manual_validation_check.cpp.o
[ 68%] Built target geometry_utils_test
[ 69%] Building CXX object CMakeFiles/corner_resolver_test.dir/tests/corner_resolver_test.cpp.o
[ 70%] Linking CXX executable detector_contract_test
[ 70%] Built target detector_contract_test
[ 71%] Building CXX object CMakeFiles/screen_order_test.dir/tests/screen_order_test.cpp.o
[ 72%] Linking CXX executable manual_validation_check
[ 73%] Linking CXX executable screen_order_test
[ 73%] Built target manual_validation_check
[ 73%] Built target screen_order_test
[ 74%] Linking CXX executable corner_resolver_test
[ 74%] Built target corner_resolver_test
