[ 35%] Built target mark_detector
[ 38%] Built target marker_app
[ 41%] Built target display_history_test
[ 44%] Built target temporal_stabilizer_test
[ 47%] Built target temporal_integration_test
[ 50%] Built target config_contract_test
[ 52%] Built target assignment_completion_test
[ 55%] Built target corner_edge_fit_test
[ 57%] Building CXX object CMakeFiles/block3_contract_regression_test.dir/tests/block3_contract_regression_test.cpp.o
[ 60%] Built target config_roundtrip_test
[ 61%] Building CXX object CMakeFiles/config_error_test.dir/tests/config_error_test.cpp.o
[ 64%] Built target detector_contract_test
[ 67%] Built target geometry_utils_test
[ 70%] Built target geometry_model_test
[ 73%] Built target manual_validation_check
[ 76%] Built target geometry_matcher_test
[ 79%] Built target screen_order_test
[ 82%] Built target corner_resolver_test
[ 85%] Built target semantic_resolver_test
[ 88%] Built target detection_validator_test
[ 91%] Built target decode_audit
[ 94%] Built target geometry_l_topology_test
[ 97%] Built target temporal_audit
[ 98%] Linking CXX executable config_error_test
[ 98%] Built target config_error_test
[100%] Linking CXX executable block3_contract_regression_test
[100%] Built target block3_contract_regression_test
