-- Configuring done (0.0s)
-- Generating done (0.0s)
-- Build files have been written to: /home/tushenghao/projects/campus-marker-opencv-assignment/build/block4
[ 35%] Built target mark_detector
[ 41%] Built target temporal_integration_test
[ 41%] Built target temporal_stabilizer_test
[ 44%] Built target marker_app
[ 45%] Building CXX object CMakeFiles/display_history_test.dir/tests/display_history_test.cpp.o
[ 48%] Built target block3_contract_regression_test
[ 51%] Built target assignment_completion_test
[ 54%] Built target corner_edge_fit_test
[ 57%] Built target config_contract_test
[ 60%] Built target config_error_test
[ 63%] Built target config_roundtrip_test
[ 66%] Built target detector_contract_test
[ 69%] Built target geometry_model_test
[ 72%] Built target geometry_utils_test
[ 75%] Built target geometry_matcher_test
[ 80%] Built target manual_validation_check
[ 80%] Built target corner_resolver_test
[ 83%] Built target screen_order_test
[ 89%] Built target detection_validator_test
[ 89%] Built target semantic_resolver_test
[ 92%] Built target geometry_l_topology_test
[ 95%] Building CXX object CMakeFiles/temporal_audit.dir/tools/audit/temporal_audit.cpp.o
[ 97%] Built target decode_audit
[ 98%] Linking CXX executable display_history_test
[ 98%] Built target display_history_test
[100%] Linking CXX executable temporal_audit
[100%] Built target temporal_audit
