[  4%] Building CXX object CMakeFiles/mark_detector.dir/lib/core/marker_geometry.cpp.o
[  4%] Building CXX object CMakeFiles/mark_detector.dir/lib/preprocess/preprocess.cpp.o
[  4%] Building CXX object CMakeFiles/mark_detector.dir/lib/config/config.cpp.o
[  5%] Building CXX object CMakeFiles/mark_detector.dir/lib/core/geometry_utils.cpp.o
[  7%] Building CXX object CMakeFiles/mark_detector.dir/lib/geometry/geometry_matcher.cpp.o
[  8%] Building CXX object CMakeFiles/mark_detector.dir/lib/geometry/geometry_observation.cpp.o
[ 10%] Building CXX object CMakeFiles/mark_detector.dir/lib/geometry/geometry_l_topology.cpp.o
[ 11%] Building CXX object CMakeFiles/mark_detector.dir/lib/geometry/geometry_validation.cpp.o
[ 13%] Building CXX object CMakeFiles/mark_detector.dir/lib/geometry/geometry_assignment_completion.cpp.o
[ 14%] Building CXX object CMakeFiles/mark_detector.dir/lib/corners/corner_resolver.cpp.o
[ 16%] Building CXX object CMakeFiles/mark_detector.dir/lib/corners/corner_observation.cpp.o
[ 17%] Building CXX object CMakeFiles/mark_detector.dir/lib/corners/corner_edge_fit.cpp.o
[ 19%] Building CXX object CMakeFiles/mark_detector.dir/lib/corners/corner_evidence_validation.cpp.o
[ 20%] Building CXX object CMakeFiles/mark_detector.dir/lib/corners/screen_order.cpp.o
In file included from /home/tushenghao/projects/campus-marker-opencv-assignment/src/tushenghao/lib/corners/screen_order.cpp:1:
/home/tushenghao/projects/campus-marker-opencv-assignment/src/tushenghao/lib/corners/screen_order.hpp:9:16: error: ‘cv’ was not declared in this scope
    9 |     std::array<cv::Point2d,4> screen_points;
      |                ^~
/home/tushenghao/projects/campus-marker-opencv-assignment/src/tushenghao/lib/corners/screen_order.hpp:9:29: error: wrong number of template arguments (1, should be 2)
    9 |     std::array<cv::Point2d,4> screen_points;
      |                             ^
In file included from /usr/include/c++/13/bits/memory_resource.h:47,
                 from /usr/include/c++/13/string:58,
                 from /home/tushenghao/projects/campus-marker-opencv-assignment/src/tushenghao/include/mark/detector_config.hpp:5,
                 from /home/tushenghao/projects/campus-marker-opencv-assignment/src/tushenghao/lib/corners/screen_order.hpp:3:
/usr/include/c++/13/tuple:2019:45: note: provided for ‘template<class _Tp, long unsigned int _Nm> struct std::array’
 2019 |   template<typename _Tp, size_t _Nm> struct array;
      |                                             ^~~~~
/home/tushenghao/projects/campus-marker-opencv-assignment/src/tushenghao/lib/corners/screen_order.hpp:13:67: error: ‘cv’ was not declared in this scope
   13 | std::optional<ScreenCycleOrder> orderScreenCycle(const std::array<cv::Point2d,4>&,
      |                                                                   ^~
/home/tushenghao/projects/campus-marker-opencv-assignment/src/tushenghao/lib/corners/screen_order.hpp:13:80: error: wrong number of template arguments (1, should be 2)
   13 | std::optional<ScreenCycleOrder> orderScreenCycle(const std::array<cv::Point2d,4>&,
      |                                                                                ^
/usr/include/c++/13/tuple:2019:45: note: provided for ‘template<class _Tp, long unsigned int _Nm> struct std::array’
 2019 |   template<typename _Tp, size_t _Nm> struct array;
      |                                             ^~~~~
/home/tushenghao/projects/campus-marker-opencv-assignment/src/tushenghao/lib/corners/screen_order.hpp:13:67: error: ‘cv’ was not declared in this scope
   13 | std::optional<ScreenCycleOrder> orderScreenCycle(const std::array<cv::Point2d,4>&,
      |                                                                   ^~
/home/tushenghao/projects/campus-marker-opencv-assignment/src/tushenghao/lib/corners/screen_order.hpp:13:80: error: wrong number of template arguments (1, should be 2)
   13 | std::optional<ScreenCycleOrder> orderScreenCycle(const std::array<cv::Point2d,4>&,
      |                                                                                ^
/usr/include/c++/13/tuple:2019:45: note: provided for ‘template<class _Tp, long unsigned int _Nm> struct std::array’
 2019 |   template<typename _Tp, size_t _Nm> struct array;
      |                                             ^~~~~
/home/tushenghao/projects/campus-marker-opencv-assignment/src/tushenghao/lib/corners/screen_order.hpp:13:67: error: ‘cv’ was not declared in this scope
   13 | std::optional<ScreenCycleOrder> orderScreenCycle(const std::array<cv::Point2d,4>&,
      |                                                                   ^~
/home/tushenghao/projects/campus-marker-opencv-assignment/src/tushenghao/lib/corners/screen_order.hpp:13:80: error: wrong number of template arguments (1, should be 2)
   13 | std::optional<ScreenCycleOrder> orderScreenCycle(const std::array<cv::Point2d,4>&,
      |                                                                                ^
/usr/include/c++/13/tuple:2019:45: note: provided for ‘template<class _Tp, long unsigned int _Nm> struct std::array’
 2019 |   template<typename _Tp, size_t _Nm> struct array;
      |                                             ^~~~~
/home/tushenghao/projects/campus-marker-opencv-assignment/src/tushenghao/lib/corners/screen_order.hpp:13:56: error: invalid template-id
   13 | std::optional<ScreenCycleOrder> orderScreenCycle(const std::array<cv::Point2d,4>&,
      |                                                        ^~~
/home/tushenghao/projects/campus-marker-opencv-assignment/src/tushenghao/lib/corners/screen_order.hpp:13:67: error: ‘cv’ was not declared in this scope
   13 | std::optional<ScreenCycleOrder> orderScreenCycle(const std::array<cv::Point2d,4>&,
      |                                                                   ^~
/home/tushenghao/projects/campus-marker-opencv-assignment/src/tushenghao/lib/corners/screen_order.hpp:13:50: error: expected primary-expression before ‘const’
   13 | std::optional<ScreenCycleOrder> orderScreenCycle(const std::array<cv::Point2d,4>&,
      |                                                  ^~~~~
/home/tushenghao/projects/campus-marker-opencv-assignment/src/tushenghao/lib/corners/screen_order.hpp:14:48: error: expected primary-expression before ‘const’
   14 |                                                const CornerConfig&, std::string& reason);
      |                                                ^~~~~
/home/tushenghao/projects/campus-marker-opencv-assignment/src/tushenghao/lib/corners/screen_order.hpp:14:80: error: expected primary-expression before ‘&’ token
   14 |                                                const CornerConfig&, std::string& reason);
      |                                                                                ^
/home/tushenghao/projects/campus-marker-opencv-assignment/src/tushenghao/lib/corners/screen_order.hpp:14:82: error: ‘reason’ was not declared in this scope
   14 |                                                const CornerConfig&, std::string& reason);
      |                                                                                  ^~~~~~
[ 22%] Building CXX object CMakeFiles/mark_detector.dir/lib/corners/semantic_resolver.cpp.o
/home/tushenghao/projects/campus-marker-opencv-assignment/src/tushenghao/lib/corners/screen_order.cpp:693:100: error: ‘std::optional<mark::ScreenCycleOrder> mark::orderScreenCycle(const std::array<cv::Point_<double>, 4>&, const CornerConfig&, std::string&)’ redeclared as different kind of entity
  693 |                                                     const CornerConfig& config, std::string& reason) {
      |                                                                                                    ^
/home/tushenghao/projects/campus-marker-opencv-assignment/src/tushenghao/lib/corners/screen_order.hpp:13:33: note: previous declaration ‘std::optional<mark::ScreenCycleOrder> mark::orderScreenCycle’
   13 | std::optional<ScreenCycleOrder> orderScreenCycle(const std::array<cv::Point2d,4>&,
      |                                 ^~~~~~~~~~~~~~~~
/home/tushenghao/projects/campus-marker-opencv-assignment/src/tushenghao/lib/corners/screen_order.cpp: In function ‘std::optional<mark::ScreenCycleOrder> mark::orderScreenCycle(const std::array<cv::Point_<double>, 4>&, const CornerConfig&, std::string&)’:
/home/tushenghao/projects/campus-marker-opencv-assignment/src/tushenghao/lib/corners/screen_order.cpp:698:39: error: cannot convert ‘const std::array<cv::Point_<double>, 4>’ to ‘int’ in initialization
  698 |         return ScreenCycleOrder{order.screen_points_, order.physical_to_screen_, order.screen_order_tie_};
      |                                 ~~~~~~^~~~~~~~~~~~~~
      |                                       |
      |                                       const std::array<cv::Point_<double>, 4>
gmake[2]: *** [CMakeFiles/mark_detector.dir/build.make:258: CMakeFiles/mark_detector.dir/lib/corners/screen_order.cpp.o] Error 1
gmake[2]: *** Waiting for unfinished jobs....
gmake[1]: *** [CMakeFiles/Makefile2:127: CMakeFiles/mark_detector.dir/all] Error 2
gmake: *** [Makefile:101: all] Error 2
