-- Configuring done (0.0s)
-- Generating done (0.0s)
-- Build files have been written to: /home/tushenghao/projects/campus-marker-opencv-assignment/build/block4
[  1%] Building CXX object CMakeFiles/mark_detector.dir/lib/pipeline/detector.cpp.o
[  2%] Linking CXX static library libmark_detector.a
[ 35%] Built target mark_detector
[ 38%] Building CXX object CMakeFiles/temporal_integration_test.dir/tests/temporal_integration_test.cpp.o
[ 39%] Linking CXX executable display_history_test
[ 36%] Linking CXX executable temporal_stabilizer_test
[ 41%] Building CXX object CMakeFiles/marker_app.dir/app/main.cpp.o
[ 42%] Built target display_history_test
[ 44%] Built target temporal_stabilizer_test
[ 45%] Building CXX object CMakeFiles/block3_contract_regression_test.dir/tests/block3_contract_regression_test.cpp.o
[ 47%] Linking CXX executable assignment_completion_test
[ 48%] Built target assignment_completion_test
[ 50%] Linking CXX executable corner_edge_fit_test
[ 51%] Built target corner_edge_fit_test
[ 52%] Linking CXX executable config_contract_test
[ 54%] Linking CXX executable marker_app
[ 55%] Built target config_contract_test
[ 57%] Linking CXX executable config_error_test
[ 57%] Built target marker_app
[ 58%] Linking CXX executable config_roundtrip_test
[ 60%] Built target config_error_test
[ 61%] Building CXX object CMakeFiles/detector_contract_test.dir/tests/detector_contract_test.cpp.o
[ 63%] Built target config_roundtrip_test
[ 64%] Linking CXX executable geometry_model_test
[ 66%] Built target geometry_model_test
[ 67%] Linking CXX executable geometry_utils_test
[ 69%] Built target geometry_utils_test
[ 70%] Linking CXX executable geometry_matcher_test
[ 72%] Built target geometry_matcher_test
[ 73%] Linking CXX executable manual_validation_check
[ 75%] Built target manual_validation_check
[ 76%] Linking CXX executable corner_resolver_test
[ 77%] Built target corner_resolver_test
[ 79%] Building CXX object CMakeFiles/screen_order_test.dir/tests/screen_order_test.cpp.o
[ 80%] Linking CXX executable temporal_integration_test
[ 80%] Built target temporal_integration_test
[ 82%] Linking CXX executable semantic_resolver_test
[ 83%] Linking CXX executable detector_contract_test
[ 85%] Built target semantic_resolver_test
[ 85%] Built target detector_contract_test
[ 86%] Linking CXX executable detection_validator_test
[ 88%] Linking CXX executable geometry_l_topology_test
[ 89%] Linking CXX executable block3_contract_regression_test
[ 92%] Built target geometry_l_topology_test
[ 92%] Built target detection_validator_test
[ 95%] Building CXX object CMakeFiles/temporal_audit.dir/tools/audit/temporal_audit.cpp.o
[ 95%] Building CXX object CMakeFiles/decode_audit.dir/tools/audit/decode_audit.cpp.o
[ 97%] Linking CXX executable screen_order_test
[ 97%] Built target block3_contract_regression_test
[ 97%] Built target screen_order_test
[ 98%] Linking CXX executable decode_audit
[ 98%] Built target decode_audit
[100%] Linking CXX executable temporal_audit
[100%] Built target temporal_audit
