[ 35%] Built target mark_detector
[ 44%] Built target temporal_stabilizer_test
[ 44%] Built target display_history_test
[ 44%] Built target marker_app
[ 45%] Building CXX object CMakeFiles/temporal_integration_test.dir/tests/temporal_integration_test.cpp.o
[ 52%] Built target assignment_completion_test
[ 54%] Built target corner_edge_fit_test
[ 54%] Built target block3_contract_regression_test
[ 57%] Built target config_contract_test
[ 60%] Built target config_error_test
[ 63%] Built target config_roundtrip_test
[ 69%] Built target geometry_model_test
[ 69%] Built target geometry_utils_test
[ 72%] Built target detector_contract_test
[ 75%] Built target manual_validation_check
[ 80%] Built target geometry_matcher_test
[ 80%] Built target corner_resolver_test
[ 83%] Built target semantic_resolver_test
[ 86%] Built target detection_validator_test
[ 89%] Built target screen_order_test
[ 92%] Built target geometry_l_topology_test
[ 95%] Built target decode_audit
[ 98%] Built target temporal_audit
[100%] Linking CXX executable temporal_integration_test
[100%] Built target temporal_integration_test
