-- Configuring done (0.0s)
-- Generating done (0.0s)
-- Build files have been written to: /home/tushenghao/projects/campus-marker-opencv-assignment/build/block4
[  1%] Building CXX object CMakeFiles/mark_detector.dir/lib/config/config.cpp.o
[  2%] Linking CXX static library libmark_detector.a
[ 35%] Built target mark_detector
[ 39%] Linking CXX executable display_history_test
[ 39%] Linking CXX executable temporal_stabilizer_test
[ 41%] Linking CXX executable temporal_integration_test
[ 39%] Linking CXX executable marker_app
[ 42%] Built target display_history_test
[ 44%] Built target temporal_integration_test
[ 45%] Built target temporal_stabilizer_test
[ 48%] Linking CXX executable block3_contract_regression_test
[ 48%] Built target marker_app
[ 50%] Linking CXX executable assignment_completion_test
[ 51%] Linking CXX executable corner_edge_fit_test
[ 52%] Linking CXX executable config_contract_test
[ 54%] Built target assignment_completion_test
[ 57%] Built target corner_edge_fit_test
[ 57%] Built target block3_contract_regression_test
[ 58%] Linking CXX executable config_error_test
[ 60%] Linking CXX executable config_roundtrip_test
[ 61%] Linking CXX executable detector_contract_test
[ 63%] Built target config_contract_test
[ 64%] Linking CXX executable geometry_model_test
[ 67%] Built target config_error_test
[ 67%] Built target config_roundtrip_test
[ 69%] Built target detector_contract_test
[ 72%] Linking CXX executable geometry_matcher_test
[ 72%] Linking CXX executable geometry_utils_test
[ 73%] Linking CXX executable manual_validation_check
[ 75%] Built target geometry_model_test
[ 76%] Built target geometry_matcher_test
[ 77%] Linking CXX executable corner_resolver_test
[ 79%] Built target manual_validation_check
[ 80%] Linking CXX executable screen_order_test
[ 82%] Linking CXX executable semantic_resolver_test
[ 83%] Built target geometry_utils_test
[ 85%] Linking CXX executable detection_validator_test
[ 88%] Built target screen_order_test
[ 88%] Built target semantic_resolver_test
[ 89%] Built target corner_resolver_test
[ 92%] Linking CXX executable geometry_l_topology_test
[ 92%] Building CXX object CMakeFiles/decode_audit.dir/tools/audit/decode_audit.cpp.o
[ 94%] Building CXX object CMakeFiles/temporal_audit.dir/tools/audit/temporal_audit.cpp.o
[ 95%] Built target detection_validator_test
[ 97%] Built target geometry_l_topology_test
[ 98%] Linking CXX executable decode_audit
[ 98%] Built target decode_audit
[100%] Linking CXX executable temporal_audit
[100%] Built target temporal_audit
