-- Configuring done (0.0s)
-- Generating done (0.0s)
-- Build files have been written to: /home/tushenghao/projects/campus-marker-opencv-assignment/build/block4-debug
[  3%] Building CXX object CMakeFiles/mark_detector.dir/lib/pipeline/detector.cpp.o
[  7%] Linking CXX static library libmark_detector.a
[ 92%] Built target mark_detector
[ 96%] Linking CXX executable temporal_stabilizer_test
[100%] Built target temporal_stabilizer_test
[ 92%] Built target mark_detector
[ 96%] Building CXX object CMakeFiles/display_history_test.dir/tests/display_history_test.cpp.o
[100%] Linking CXX executable display_history_test
[100%] Built target display_history_test
[ 92%] Built target mark_detector
[ 96%] Building CXX object CMakeFiles/temporal_integration_test.dir/tests/temporal_integration_test.cpp.o
[100%] Linking CXX executable temporal_integration_test
[100%] Built target temporal_integration_test
[ 92%] Built target mark_detector
[ 96%] Building CXX object CMakeFiles/config_error_test.dir/tests/config_error_test.cpp.o
[100%] Linking CXX executable config_error_test
[100%] Built target config_error_test
[ 92%] Built target mark_detector
[ 96%] Linking CXX executable config_roundtrip_test
[100%] Built target config_roundtrip_test
