[  3%] Building CXX object CMakeFiles/mark_detector.dir/lib/core/marker_geometry.cpp.o
[  7%] Building CXX object CMakeFiles/mark_detector.dir/lib/core/geometry_utils.cpp.o
[ 11%] Building CXX object CMakeFiles/mark_detector.dir/lib/config/config.cpp.o
[ 15%] Building CXX object CMakeFiles/mark_detector.dir/lib/preprocess/preprocess.cpp.o
[ 19%] Building CXX object CMakeFiles/mark_detector.dir/lib/geometry/geometry_matcher.cpp.o
[ 23%] Building CXX object CMakeFiles/mark_detector.dir/lib/geometry/geometry_observation.cpp.o
[ 26%] Building CXX object CMakeFiles/mark_detector.dir/lib/geometry/geometry_l_topology.cpp.o
[ 30%] Building CXX object CMakeFiles/mark_detector.dir/lib/geometry/geometry_validation.cpp.o
[ 34%] Building CXX object CMakeFiles/mark_detector.dir/lib/geometry/geometry_assignment_completion.cpp.o
[ 38%] Building CXX object CMakeFiles/mark_detector.dir/lib/corners/corner_resolver.cpp.o
[ 42%] Building CXX object CMakeFiles/mark_detector.dir/lib/corners/corner_observation.cpp.o
[ 46%] Building CXX object CMakeFiles/mark_detector.dir/lib/corners/corner_edge_fit.cpp.o
[ 50%] Building CXX object CMakeFiles/mark_detector.dir/lib/corners/corner_evidence_validation.cpp.o
[ 53%] Building CXX object CMakeFiles/mark_detector.dir/lib/corners/screen_order.cpp.o
[ 57%] Building CXX object CMakeFiles/mark_detector.dir/lib/corners/semantic_resolver.cpp.o
[ 61%] Building CXX object CMakeFiles/mark_detector.dir/lib/corners/detection_validator.cpp.o
[ 65%] Building CXX object CMakeFiles/mark_detector.dir/lib/pipeline/decode_stage.cpp.o
[ 69%] Building CXX object CMakeFiles/mark_detector.dir/lib/pipeline/frame_sequence.cpp.o
[ 73%] Building CXX object CMakeFiles/mark_detector.dir/lib/pipeline/temporal_geometry.cpp.o
[ 76%] Building CXX object CMakeFiles/mark_detector.dir/lib/pipeline/temporal_stabilizer.cpp.o
[ 80%] Building CXX object CMakeFiles/mark_detector.dir/lib/pipeline/display_history.cpp.o
[ 84%] Building CXX object CMakeFiles/mark_detector.dir/lib/pipeline/stabilize_stage.cpp.o
[ 88%] Building CXX object CMakeFiles/mark_detector.dir/lib/pipeline/detector.cpp.o
[ 92%] Linking CXX static library libmark_detector.a
[ 92%] Built target mark_detector
[ 96%] Building CXX object CMakeFiles/temporal_stabilizer_test.dir/tests/temporal_stabilizer_test.cpp.o
[100%] Linking CXX executable temporal_stabilizer_test
[100%] Built target temporal_stabilizer_test
[ 92%] Built target mark_detector
[ 96%] Building CXX object CMakeFiles/display_history_test.dir/tests/display_history_test.cpp.o
[100%] Linking CXX executable display_history_test
[100%] Built target display_history_test
[ 92%] Built target mark_detector
[ 96%] Building CXX object CMakeFiles/temporal_integration_test.dir/tests/temporal_integration_test.cpp.o
[100%] Linking CXX executable temporal_integration_test
[100%] Built target temporal_integration_test
[ 92%] Built target mark_detector
[ 96%] Building CXX object CMakeFiles/config_error_test.dir/tests/config_error_test.cpp.o
[100%] Linking CXX executable config_error_test
[100%] Built target config_error_test
[ 92%] Built target mark_detector
[ 96%] Building CXX object CMakeFiles/config_roundtrip_test.dir/tests/config_roundtrip_test.cpp.o
[100%] Linking CXX executable config_roundtrip_test
[100%] Built target config_roundtrip_test
