[  2%] Building CXX object synthetic_ref/CMakeFiles/synthetic_gen_core.dir/src/model.cpp.o
[  5%] Building CXX object synthetic_ref/CMakeFiles/synthetic_gen_core.dir/src/grid.cpp.o
[  8%] Building CXX object synthetic_ref/CMakeFiles/synthetic_gen_core.dir/src/transforms.cpp.o
[ 11%] Building CXX object detector/CMakeFiles/mark_detector.dir/lib/core/marker_geometry.cpp.o
[ 14%] Building CXX object detector/CMakeFiles/mark_detector.dir/lib/core/geometry_utils.cpp.o
[ 17%] Building CXX object synthetic_ref/CMakeFiles/synthetic_gen_core.dir/src/perturb.cpp.o
[ 20%] Building CXX object detector/CMakeFiles/mark_detector.dir/lib/config/config.cpp.o
[ 22%] Building CXX object synthetic_ref/CMakeFiles/synthetic_gen_core.dir/src/raster.cpp.o
[ 25%] Building CXX object synthetic_ref/CMakeFiles/synthetic_gen_core.dir/src/cases.cpp.o
[ 28%] Building CXX object synthetic_ref/CMakeFiles/synthetic_gen_core.dir/src/records.cpp.o
[ 31%] Building CXX object detector/CMakeFiles/mark_detector.dir/lib/preprocess/preprocess.cpp.o
[ 34%] Building CXX object detector/CMakeFiles/mark_detector.dir/lib/geometry/geometry_matcher.cpp.o
[ 37%] Building CXX object synthetic_ref/CMakeFiles/synthetic_gen_core.dir/src/verify.cpp.o
[ 40%] Building CXX object detector/CMakeFiles/mark_detector.dir/lib/geometry/geometry_observation.cpp.o
[ 42%] Building CXX object detector/CMakeFiles/mark_detector.dir/lib/geometry/geometry_l_topology.cpp.o
[ 45%] Building CXX object detector/CMakeFiles/mark_detector.dir/lib/geometry/geometry_validation.cpp.o
[ 48%] Building CXX object detector/CMakeFiles/mark_detector.dir/lib/geometry/geometry_assignment_completion.cpp.o
[ 51%] Building CXX object detector/CMakeFiles/mark_detector.dir/lib/corners/corner_resolver.cpp.o
[ 54%] Building CXX object detector/CMakeFiles/mark_detector.dir/lib/corners/corner_observation.cpp.o
[ 57%] Building CXX object detector/CMakeFiles/mark_detector.dir/lib/corners/corner_edge_fit.cpp.o
[ 60%] Building CXX object detector/CMakeFiles/mark_detector.dir/lib/corners/corner_evidence_validation.cpp.o
[ 62%] Building CXX object detector/CMakeFiles/mark_detector.dir/lib/corners/screen_order.cpp.o
[ 65%] Linking CXX static library libsynthetic_gen_core.a
[ 65%] Built target synthetic_gen_core
[ 68%] Building CXX object detector/CMakeFiles/mark_detector.dir/lib/corners/semantic_resolver.cpp.o
[ 71%] Building CXX object detector/CMakeFiles/mark_detector.dir/lib/corners/detection_validator.cpp.o
[ 74%] Building CXX object detector/CMakeFiles/mark_detector.dir/lib/pipeline/decode_stage.cpp.o
[ 77%] Building CXX object detector/CMakeFiles/mark_detector.dir/lib/pipeline/frame_sequence.cpp.o
[ 80%] Building CXX object detector/CMakeFiles/mark_detector.dir/lib/pipeline/temporal_geometry.cpp.o
[ 82%] Building CXX object detector/CMakeFiles/mark_detector.dir/lib/pipeline/temporal_stabilizer.cpp.o
[ 85%] Building CXX object detector/CMakeFiles/mark_detector.dir/lib/pipeline/display_history.cpp.o
[ 88%] Building CXX object detector/CMakeFiles/mark_detector.dir/lib/pipeline/stabilize_stage.cpp.o
[ 91%] Building CXX object detector/CMakeFiles/mark_detector.dir/lib/pipeline/detector.cpp.o
[ 94%] Linking CXX static library libmark_detector.a
[ 94%] Built target mark_detector
[ 97%] Building CXX object CMakeFiles/block3_verify.dir/validation/verify.cpp.o
[100%] Linking CXX executable block3_verify
[100%] Built target block3_verify
