src/tushenghao/docs/evidence/final-fixes/fix2-sweep/principles/tools/raw_real.cpp: In function ‘int main(int, char**)’:
src/tushenghao/docs/evidence/final-fixes/fix2-sweep/principles/tools/raw_real.cpp:39:10: error: ‘map’ is not a member of ‘std’
   39 |     std::map<std::string,std::vector<cv::Point2d>> polygons;
      |          ^~~
src/tushenghao/docs/evidence/final-fixes/fix2-sweep/principles/tools/raw_real.cpp:12:1: note: ‘std::map’ is defined in header ‘<map>’; did you forget to ‘#include <map>’?
   11 | #include <filesystem>
  +++ |+#include <map>
   12 | namespace mark {
src/tushenghao/docs/evidence/final-fixes/fix2-sweep/principles/tools/raw_real.cpp:39:25: error: expected primary-expression before ‘,’ token
   39 |     std::map<std::string,std::vector<cv::Point2d>> polygons;
      |                         ^
src/tushenghao/docs/evidence/final-fixes/fix2-sweep/principles/tools/raw_real.cpp:39:49: error: expected primary-expression before ‘>’ token
   39 |     std::map<std::string,std::vector<cv::Point2d>> polygons;
      |                                                 ^~
src/tushenghao/docs/evidence/final-fixes/fix2-sweep/principles/tools/raw_real.cpp:39:52: error: ‘polygons’ was not declared in this scope
   39 |     std::map<std::string,std::vector<cv::Point2d>> polygons;
      |                                                    ^~~~~~~~
src/tushenghao/docs/evidence/final-fixes/fix2-sweep/principles/tools/raw_real.cpp:77:16: error: ‘set’ is not a member of ‘std’
   77 |           std::set<std::pair<double,double>> unique;
      |                ^~~
src/tushenghao/docs/evidence/final-fixes/fix2-sweep/principles/tools/raw_real.cpp:12:1: note: ‘std::set’ is defined in header ‘<set>’; did you forget to ‘#include <set>’?
   11 | #include <filesystem>
  +++ |+#include <set>
   12 | namespace mark {
src/tushenghao/docs/evidence/final-fixes/fix2-sweep/principles/tools/raw_real.cpp:77:43: error: expected primary-expression before ‘>’ token
   77 |           std::set<std::pair<double,double>> unique;
      |                                           ^~
src/tushenghao/docs/evidence/final-fixes/fix2-sweep/principles/tools/raw_real.cpp:77:46: error: ‘unique’ was not declared in this scope; did you mean ‘std::unique’?
   77 |           std::set<std::pair<double,double>> unique;
      |                                              ^~~~~~
      |                                              std::unique
In file included from /usr/include/c++/13/algorithm:73,
                 from /usr/include/opencv4/opencv2/core/base.hpp:55,
                 from /usr/include/opencv4/opencv2/core.hpp:53,
                 from src/tushenghao/lib/core/geometry_types.hpp:58,
                 from src/tushenghao/lib/core/prepared_frame.hpp:23,
                 from src/tushenghao/lib/corners/corner_observation.hpp:3,
                 from src/tushenghao/docs/evidence/final-fixes/fix2-sweep/principles/tools/raw_real.cpp:2:
/usr/include/c++/13/pstl/glue_algorithm_defs.h:234:1: note: ‘std::unique’ declared here
  234 | unique(_ExecutionPolicy&& __exec, _ForwardIterator __first, _ForwardIterator __last);
      | ^~~~~~
