[  2%] Building CXX object synthetic_ref/CMakeFiles/synthetic_gen_core.dir/src/grid.cpp.o
[  4%] Building CXX object synthetic_ref/CMakeFiles/synthetic_gen_core.dir/src/model.cpp.o
[  7%] Building CXX object synthetic_ref/CMakeFiles/synthetic_gen_core.dir/src/transforms.cpp.o
[  9%] Building CXX object detector/CMakeFiles/mark_detector.dir/lib/core/marker_geometry.cpp.o
[ 11%] Building CXX object detector/CMakeFiles/mark_detector.dir/lib/core/geometry_utils.cpp.o
[ 14%] Building CXX object synthetic_ref/CMakeFiles/synthetic_gen_core.dir/src/perturb.cpp.o
[ 16%] Building CXX object detector/CMakeFiles/mark_detector.dir/lib/config/config.cpp.o
[ 19%] Building CXX object synthetic_ref/CMakeFiles/synthetic_gen_core.dir/src/raster.cpp.o
[ 21%] Building CXX object synthetic_ref/CMakeFiles/synthetic_gen_core.dir/src/cases.cpp.o
[ 23%] Building CXX object detector/CMakeFiles/mark_detector.dir/lib/preprocess/preprocess.cpp.o
[ 26%] Building CXX object synthetic_ref/CMakeFiles/synthetic_gen_core.dir/src/records.cpp.o
[ 28%] Building CXX object detector/CMakeFiles/mark_detector.dir/lib/geometry/geometry_matcher.cpp.o
[ 30%] Building CXX object detector/CMakeFiles/mark_detector.dir/lib/geometry/geometry_observation.cpp.o
[ 33%] Building CXX object detector/CMakeFiles/mark_detector.dir/lib/geometry/geometry_l_topology.cpp.o
[ 35%] Building CXX object synthetic_ref/CMakeFiles/synthetic_gen_core.dir/src/verify.cpp.o
[ 38%] Building CXX object detector/CMakeFiles/mark_detector.dir/lib/geometry/geometry_validation.cpp.o
[ 40%] Building CXX object detector/CMakeFiles/mark_detector.dir/lib/geometry/geometry_assignment_completion.cpp.o
[ 42%] Building CXX object detector/CMakeFiles/mark_detector.dir/lib/corners/corner_resolver.cpp.o
[ 45%] Building CXX object detector/CMakeFiles/mark_detector.dir/lib/corners/corner_observation.cpp.o
[ 47%] Building CXX object detector/CMakeFiles/mark_detector.dir/lib/corners/corner_edge_fit.cpp.o
[ 50%] Building CXX object detector/CMakeFiles/mark_detector.dir/lib/corners/corner_evidence_validation.cpp.o
[ 52%] Building CXX object detector/CMakeFiles/mark_detector.dir/lib/corners/screen_order.cpp.o
[ 54%] Building CXX object detector/CMakeFiles/mark_detector.dir/lib/corners/semantic_resolver.cpp.o
[ 57%] Building CXX object detector/CMakeFiles/mark_detector.dir/lib/corners/detection_validator.cpp.o
[ 59%] Building CXX object detector/CMakeFiles/mark_detector.dir/lib/pipeline/decode_stage.cpp.o
[ 61%] Linking CXX static library libsynthetic_gen_core.a
[ 61%] Built target synthetic_gen_core
[ 64%] Building CXX object detector/CMakeFiles/mark_detector.dir/lib/pipeline/detector.cpp.o
[ 66%] Building CXX object CMakeFiles/block3_fixture.dir/generation/main.cpp.o
[ 69%] Linking CXX static library libmark_detector.a
[ 69%] Built target mark_detector
[ 71%] Building CXX object CMakeFiles/block3_resources.dir/validation/resources.cpp.o
[ 73%] Building CXX object CMakeFiles/block3_verify.dir/validation/verify.cpp.o
[ 76%] Building CXX object CMakeFiles/block3_measure.dir/calibration/measure.cpp.o
[ 78%] Linking CXX executable block3_resources
[ 80%] Linking CXX executable block3_fixture
[ 80%] Built target block3_resources
[ 83%] Building CXX object CMakeFiles/block3_video_diagnose.dir/diagnostics/video_diagnose.cpp.o
[ 83%] Built target block3_fixture
[ 85%] Building CXX object CMakeFiles/block3_video_corner_measure.dir/diagnostics/video_corner_measure.cpp.o
[ 88%] Linking CXX executable block3_video_diagnose
[ 90%] Linking CXX executable block3_verify
[ 92%] Linking CXX executable block3_measure
[ 92%] Built target block3_video_diagnose
[ 95%] Building CXX object CMakeFiles/block3_parent_diagnose.dir/diagnostics/parent_diagnose.cpp.o
[ 95%] Built target block3_verify
[ 95%] Built target block3_measure
[ 97%] Linking CXX executable block3_video_corner_measure
[ 97%] Built target block3_video_corner_measure
[100%] Linking CXX executable block3_parent_diagnose
[100%] Built target block3_parent_diagnose
