frame=0
fps=0.00
stream_0_0_q=-0.0
bitrate=N/A
total_size=0
out_time_us=0
out_time_ms=0
out_time=00:00:00.000000
dup_frames=0
drop_frames=0
speed=   0x
progress=continue
frame=1323
fps=0.00
stream_0_0_q=-0.0
bitrate=N/A
total_size=N/A
out_time_us=18790389
out_time_ms=18790389
out_time=00:00:18.790389
dup_frames=0
drop_frames=0
speed=32.9x
progress=continue
frame=1676
fps=0.00
stream_0_0_q=-0.0
bitrate=N/A
total_size=N/A
out_time_us=23789797
out_time_ms=23789797
out_time=00:00:23.789797
dup_frames=0
drop_frames=0
speed=34.3x
progress=end
