-- Configuring done (0.0s)
-- Generating done (0.0s)
-- Build files have been written to: /home/tushenghao/projects/campus-marker-opencv-assignment/build/final-fixes-release
[  1%] Building CXX object CMakeFiles/mark_detector.dir/lib/pipeline/diagnostics_recorder.cpp.o
[  2%] Building CXX object CMakeFiles/mark_detector.dir/lib/pipeline/run_report.cpp.o
[  3%] Building CXX object CMakeFiles/mark_detector.dir/lib/pipeline/decode_stage.cpp.o
[  4%] Linking CXX static library libmark_detector.a
[ 31%] Built target mark_detector
[ 34%] Building CXX object CMakeFiles/timing_test.dir/tests/timing_test.cpp.o
[ 35%] Built target mark_frame_record_reader
[ 36%] Linking CXX executable temporal_stabilizer_test
[ 37%] Building CXX object CMakeFiles/mark_offline.dir/app/offline_runner.cpp.o
[ 38%] Linking CXX executable display_history_test
[ 39%] Built target temporal_stabilizer_test
[ 40%] Built target display_history_test
[ 41%] Linking CXX executable temporal_integration_test
[ 42%] Linking CXX executable block3_contract_regression_test
[ 43%] Built target block3_contract_regression_test
[ 45%] Built target temporal_integration_test
[ 46%] Linking CXX executable assignment_completion_test
[ 47%] Linking CXX executable corner_edge_fit_test
[ 48%] Built target assignment_completion_test
[ 49%] Built target corner_edge_fit_test
[ 50%] Linking CXX executable config_contract_test
[ 51%] Linking CXX executable config_error_test
[ 52%] Built target config_error_test
[ 53%] Linking CXX executable config_roundtrip_test
[ 54%] Built target config_contract_test
[ 56%] Linking CXX executable detector_contract_test
[ 57%] Built target config_roundtrip_test
[ 58%] Linking CXX executable geometry_model_test
[ 59%] Built target detector_contract_test
[ 60%] Linking CXX executable geometry_utils_test
[ 61%] Built target geometry_model_test
[ 62%] Linking CXX executable geometry_matcher_test
[ 63%] Built target geometry_utils_test
[ 64%] Linking CXX executable manual_validation_check
[ 65%] Linking CXX executable timing_test
[ 67%] Built target geometry_matcher_test
[ 68%] Linking CXX executable corner_resolver_test
[ 69%] Built target manual_validation_check
[ 70%] Linking CXX executable screen_order_test
[ 70%] Built target timing_test
[ 71%] Linking CXX executable semantic_resolver_test
[ 72%] Built target corner_resolver_test
[ 73%] Built target screen_order_test
[ 74%] Linking CXX executable detection_validator_test
[ 75%] Linking CXX executable geometry_l_topology_test
[ 76%] Built target semantic_resolver_test
[ 78%] Building CXX object CMakeFiles/observability_verify.dir/tools/validation/observability_verify.cpp.o
[ 79%] Built target geometry_l_topology_test
[ 80%] Built target detection_validator_test
[ 81%] Building CXX object CMakeFiles/mark_offline.dir/app/debug_renderer.cpp.o
[ 82%] Building CXX object CMakeFiles/diagnostics_record_test.dir/tests/diagnostics_record_test.cpp.o
[ 83%] Building CXX object CMakeFiles/mark_offline.dir/app/input_completion.cpp.o
[ 84%] Linking CXX static library libmark_offline.a
[ 84%] Built target mark_offline
[ 85%] Building CXX object CMakeFiles/marker_app.dir/app/main.cpp.o
[ 86%] Linking CXX executable debug_renderer_test
[ 87%] Built target debug_renderer_test
[ 89%] Building CXX object CMakeFiles/observability_integration_test.dir/tests/observability_integration_test.cpp.o
[ 90%] Linking CXX executable marker_app
[ 91%] Linking CXX executable diagnostics_record_test
[ 91%] Built target diagnostics_record_test
[ 91%] Built target marker_app
[ 92%] Building CXX object CMakeFiles/decode_audit.dir/tools/audit/decode_audit.cpp.o
[ 93%] Building CXX object CMakeFiles/temporal_audit.dir/tools/audit/temporal_audit.cpp.o
[ 94%] Linking CXX executable observability_verify
[ 94%] Built target observability_verify
[ 95%] Building CXX object CMakeFiles/geometry_audit.dir/tools/audit/geometry_audit.cpp.o
[ 96%] Linking CXX executable decode_audit
[ 97%] Linking CXX executable observability_integration_test
[ 98%] Linking CXX executable geometry_audit
[ 98%] Built target decode_audit
[ 98%] Built target observability_integration_test
[ 98%] Built target geometry_audit
[100%] Linking CXX executable temporal_audit
[100%] Built target temporal_audit
