{
  "actual_cases": 0,
  "approval_status": "PENDING",
  "basic_combinations": 6912,
  "completion_status": "PLANNED",
  "config_hash": "18f8a8e22322ce3a3d66b144918c91c8c81752c2c613357ccddec77ec2de9d50",
  "environment": {
    "build_type": "Release",
    "cmake_version": "3.28.3",
    "code_hash": "b91eb9162794464a8e0a4091e0f04ed78503e9ba1a377d599c6c0b3c01dc368a",
    "compiler": "GNU 13.3.0",
    "cxx_standard": 17,
    "generator_version": "1.0.0",
    "nlohmann_json": "3.11.3",
    "opencv": "4.6.0",
    "openssl": "OpenSSL 3.0.13 30 Jan 2024"
  },
  "expected_cases": 38784,
  "family_counts": {
    "bridge": 6,
    "collinear": 1,
    "counter": 12,
    "crop": 16,
    "global": 34560,
    "l_pressure": 3,
    "local": 4096,
    "mirror": 1,
    "missing": 7,
    "narrow": 2,
    "near_collinear": 1,
    "ordinary": 3,
    "permutations": 1,
    "perspective": 2,
    "shear": 64,
    "strong_affine": 4,
    "symmetric": 1,
    "white_pressure": 3,
    "wrong_combination": 1
  },
  "invalid_cases": 0,
  "missing_approval": [
    "APPROVAL_REQUIRED: 缺 inputs/approval.json；模型/实验未获批准；未创建运行目录"
  ],
  "planned_cases_hash": "5611742791cf64eaeb0f737a1914bc6254c0f622ec7abbcd0a5b3e001298f081",
  "schema_version": 1,
  "seed": 0,
  "sources": {
    "schema_version": 1,
    "sources": [
      {
        "original_filename": "model_coordinates.md",
        "path": "inputs/model_coordinates.md",
        "sha256": "70b85217f501dadf032fcce2bc289548c3911af4facef6383de802f44bb7774a",
        "status": "PENDING_USER_CONFIRMATION"
      },
      {
        "original_filename": "error_budget.md",
        "path": "inputs/error_budget.md",
        "sha256": "dcf7c983a11a39f8f258299eba145fbc3d2b7317d30d5bb56a58eaec6d3e1a1a",
        "status": "PROPOSED_NOT_APPROVED"
      },
      {
        "alias": "2.md",
        "original_filename": "板块2_几何原语_完整冻结文档.md",
        "path": "inputs/2.md",
        "sha256": "dddc29831b73505bdfbc89402b7b8f51842fcf16e79f61981a0a43d2af229b60",
        "status": "FROZEN_METHOD_PENDING_MODEL_AND_BUDGET"
      },
      {
        "original_filename": "synthetic_gen_spec_Oyster_reviewed.md",
        "path": "inputs/synthetic_gen_spec_Oyster_reviewed.md",
        "sha256": "a9785a9dacd021ab74ba0a55258bac07d795b7d008e97a947daaa4ccf6e28191",
        "status": "TOOL_IMPLEMENTATION_AUTHORIZED_BY_CURRENT_REQUEST_MODEL_APPROVAL_SEPARATE"
      }
    ]
  },
  "total_cases": 38784,
  "uncompressed_image_bytes_upper_bound": 107230003200,
  "upper_bound_note": "图像平面上界（含无图像fixture的保守估计）；JSON/PNG容器和文件系统另占空间"
}
产物路径: "/home/tushenghao/projects/robomaster-vision/tools/synthetic_gen/runs/acceptance-final-plan"
