{
  "algorithm_validation": "NOT_RUN",
  "checks": {
    "coverage": true,
    "geometry_area": true,
    "hash_consistency": true,
    "negative_constructions": true,
    "png_dimensions_types": true,
    "repeat_generation": true
  },
  "coverage_counts": {
    "selftest": 5
  },
  "expected_cases": 5,
  "failure_ids": [],
  "failures": [],
  "invalid_cases": 1,
  "passed": true,
  "repeat_method": "由描述独立重建全部连续真值与PNG，比较规范化语义hash和编码hash",
  "schema_version": 1,
  "subset": false
}
报告路径: "/home/tushenghao/projects/robomaster-vision/tools/synthetic_gen/runs/acceptance-final-a/verification.json"
