-- Configuring done (0.0s)
-- Generating done (0.0s)
-- Build files have been written to: /home/tushenghao/projects/campus-marker-opencv-assignment/build/final-fixes-release
[  1%] Building CXX object CMakeFiles/mark_detector.dir/lib/pipeline/diagnostics_recorder.cpp.o
[  2%] Building CXX object CMakeFiles/mark_detector.dir/lib/pipeline/run_report.cpp.o
[  3%] Linking CXX static library libmark_detector.a
[ 31%] Built target mark_detector
[ 36%] Building CXX object CMakeFiles/timing_test.dir/tests/timing_test.cpp.o
[ 36%] Built target mark_frame_record_reader
[ 36%] Linking CXX executable temporal_stabilizer_test
[ 37%] Building CXX object CMakeFiles/mark_offline.dir/app/offline_runner.cpp.o
[ 38%] Linking CXX executable display_history_test
[ 39%] Built target display_history_test
[ 40%] Built target temporal_stabilizer_test
[ 41%] Linking CXX executable temporal_integration_test
[ 42%] Linking CXX executable block3_contract_regression_test
[ 43%] Built target block3_contract_regression_test
[ 45%] Built target temporal_integration_test
[ 46%] Linking CXX executable assignment_completion_test
[ 47%] Linking CXX executable corner_edge_fit_test
[ 49%] Built target assignment_completion_test
[ 49%] Built target corner_edge_fit_test
[ 50%] Building CXX object CMakeFiles/mark_offline.dir/app/debug_renderer.cpp.o
[ 51%] Linking CXX executable config_contract_test
[ 52%] Built target config_contract_test
[ 53%] Linking CXX executable config_error_test
[ 54%] Linking CXX executable config_roundtrip_test
[ 56%] Built target config_error_test
[ 57%] Linking CXX executable detector_contract_test
[ 58%] Built target config_roundtrip_test
[ 59%] Linking CXX executable geometry_model_test
[ 60%] Built target detector_contract_test
[ 61%] Linking CXX executable geometry_utils_test
[ 62%] Linking CXX executable timing_test
[ 63%] Built target geometry_model_test
[ 64%] Linking CXX executable geometry_matcher_test
[ 65%] Built target geometry_utils_test
[ 67%] Linking CXX executable manual_validation_check
[ 67%] Built target timing_test
[ 68%] Linking CXX executable corner_resolver_test
[ 69%] Built target geometry_matcher_test
[ 70%] Linking CXX executable screen_order_test
[ 71%] Built target manual_validation_check
[ 72%] Linking CXX executable semantic_resolver_test
[ 73%] Built target corner_resolver_test
[ 74%] Linking CXX executable detection_validator_test
[ 75%] Built target screen_order_test
[ 76%] Built target semantic_resolver_test
[ 78%] Built target detection_validator_test
