-- Configuring done (0.0s)
-- Generating done (0.0s)
-- Build files have been written to: /home/tushenghao/projects/campus-marker-opencv-assignment/build/final-fixes-release
[ 31%] Built target mark_detector
[ 34%] Built target mark_frame_record_reader
[ 36%] Built target timing_test
[ 38%] Built target temporal_stabilizer_test
[ 39%] Building CXX object CMakeFiles/mark_offline.dir/app/offline_runner.cpp.o
[ 40%] Building CXX object CMakeFiles/mark_offline.dir/app/debug_renderer.cpp.o
[ 42%] Built target display_history_test
[ 45%] Built target temporal_integration_test
[ 46%] Building CXX object CMakeFiles/mark_offline.dir/app/input_completion.cpp.o
[ 48%] Built target block3_contract_regression_test
[ 50%] Built target assignment_completion_test
[ 52%] Built target corner_edge_fit_test
[ 54%] Built target config_contract_test
[ 57%] Built target config_error_test
[ 59%] Built target config_roundtrip_test
[ 61%] Built target detector_contract_test
[ 63%] Built target geometry_model_test
[ 65%] Built target geometry_utils_test
[ 68%] Built target geometry_matcher_test
[ 70%] Built target manual_validation_check
[ 72%] Built target corner_resolver_test
[ 74%] Built target screen_order_test
[ 76%] Built target semantic_resolver_test
[ 79%] Built target detection_validator_test
[ 80%] Linking CXX executable geometry_l_topology_test
[ 81%] Building CXX object CMakeFiles/observability_verify.dir/tools/validation/observability_verify.cpp.o
[ 82%] Built target geometry_l_topology_test
[ 83%] Building CXX object CMakeFiles/diagnostics_record_test.dir/tests/diagnostics_record_test.cpp.o
[ 84%] Linking CXX static library libmark_offline.a
[ 84%] Built target mark_offline
[ 86%] Linking CXX executable debug_renderer_test
[ 86%] Building CXX object CMakeFiles/marker_app.dir/app/main.cpp.o
[ 87%] Built target debug_renderer_test
[ 89%] Building CXX object CMakeFiles/observability_integration_test.dir/tests/observability_integration_test.cpp.o
[ 90%] Linking CXX executable diagnostics_record_test
[ 91%] Linking CXX executable observability_verify
[ 91%] Built target diagnostics_record_test
[ 92%] Building CXX object CMakeFiles/decode_audit.dir/tools/audit/decode_audit.cpp.o
[ 92%] Built target observability_verify
[ 93%] Building CXX object CMakeFiles/temporal_audit.dir/tools/audit/temporal_audit.cpp.o
[ 94%] Linking CXX executable marker_app
[ 95%] Linking CXX executable decode_audit
[ 95%] Built target marker_app
[ 96%] Building CXX object CMakeFiles/geometry_audit.dir/tools/audit/geometry_audit.cpp.o
[ 96%] Built target decode_audit
[ 97%] Linking CXX executable geometry_audit
[ 98%] Linking CXX executable temporal_audit
[100%] Linking CXX executable observability_integration_test
[100%] Built target geometry_audit
[100%] Built target observability_integration_test
[100%] Built target temporal_audit
