-- Configuring done (0.0s)
-- Generating done (0.0s)
-- Build files have been written to: /home/tushenghao/projects/campus-marker-opencv-assignment/build/final-fixes-release
[  1%] Building CXX object CMakeFiles/mark_detector.dir/lib/pipeline/diagnostics_recorder.cpp.o
[  2%] Linking CXX static library libmark_detector.a
[ 31%] Built target mark_detector
[ 34%] Built target mark_frame_record_reader
[ 35%] Linking CXX executable timing_test
[ 36%] Linking CXX executable temporal_stabilizer_test
[ 37%] Building CXX object CMakeFiles/mark_offline.dir/app/offline_runner.cpp.o
[ 38%] Linking CXX executable display_history_test
[ 39%] Built target timing_test
[ 40%] Linking CXX executable temporal_integration_test
[ 41%] Built target temporal_stabilizer_test
[ 42%] Linking CXX executable block3_contract_regression_test
[ 43%] Built target display_history_test
[ 45%] Linking CXX executable assignment_completion_test
[ 46%] Built target temporal_integration_test
[ 47%] Built target block3_contract_regression_test
[ 48%] Linking CXX executable corner_edge_fit_test
[ 49%] Linking CXX executable config_contract_test
[ 50%] Built target assignment_completion_test
[ 51%] Linking CXX executable config_error_test
[ 52%] Built target corner_edge_fit_test
[ 53%] Linking CXX executable config_roundtrip_test
[ 54%] Built target config_contract_test
[ 56%] Linking CXX executable detector_contract_test
[ 57%] Built target config_error_test
[ 58%] Linking CXX executable geometry_model_test
[ 59%] Built target config_roundtrip_test
[ 60%] Linking CXX executable geometry_utils_test
[ 61%] Built target geometry_model_test
[ 62%] Built target detector_contract_test
[ 63%] Building CXX object CMakeFiles/mark_offline.dir/app/debug_renderer.cpp.o
[ 64%] Linking CXX executable geometry_matcher_test
[ 65%] Built target geometry_matcher_test
[ 67%] Built target geometry_utils_test
[ 68%] Linking CXX executable manual_validation_check
[ 69%] Linking CXX executable corner_resolver_test
[ 70%] Built target manual_validation_check
[ 71%] Built target corner_resolver_test
[ 72%] Linking CXX executable screen_order_test
[ 73%] Linking CXX executable semantic_resolver_test
[ 75%] Built target screen_order_test
[ 75%] Built target semantic_resolver_test
[ 76%] Building CXX object CMakeFiles/mark_offline.dir/app/input_completion.cpp.o
[ 78%] Linking CXX executable detection_validator_test
[ 79%] Built target detection_validator_test
[ 80%] Linking CXX executable geometry_l_topology_test
[ 81%] Linking CXX executable observability_verify
[ 82%] Built target geometry_l_topology_test
[ 83%] Linking CXX executable diagnostics_record_test
[ 84%] Built target observability_verify
[ 85%] Built target diagnostics_record_test
[ 86%] Linking CXX static library libmark_offline.a
[ 86%] Built target mark_offline
[ 90%] Linking CXX executable debug_renderer_test
[ 90%] Linking CXX executable marker_app
[ 90%] Building CXX object CMakeFiles/decode_audit.dir/tools/audit/decode_audit.cpp.o
[ 91%] Linking CXX executable observability_integration_test
[ 92%] Built target debug_renderer_test
[ 93%] Building CXX object CMakeFiles/temporal_audit.dir/tools/audit/temporal_audit.cpp.o
[ 94%] Built target observability_integration_test
[ 95%] Linking CXX executable geometry_audit
[ 96%] Built target marker_app
[ 97%] Linking CXX executable decode_audit
[ 98%] Built target geometry_audit
[ 98%] Built target decode_audit
[100%] Linking CXX executable temporal_audit
[100%] Built target temporal_audit
