/home/tushenghao/projects/campus-marker-opencv-assignment/src/tushenghao/app/offline_runner.cpp: In member function ‘void mark::{anonymous}::OfflineRunSession::prepare_metadata()’:
/home/tushenghao/projects/campus-marker-opencv-assignment/src/tushenghao/app/offline_runner.cpp:133:15: error: ‘struct mark::RunMetadata’ has no member named ‘config_path_’; did you mean ‘config_path’?
  133 |         meta_.config_path_ = std::filesystem::absolute(config_path_).lexically_normal().string();
      |               ^~~~~~~~~~~~
      |               config_path
/home/tushenghao/projects/campus-marker-opencv-assignment/src/tushenghao/app/offline_runner.cpp: In member function ‘void mark::{anonymous}::OfflineRunSession::start_input()’:
/home/tushenghao/projects/campus-marker-opencv-assignment/src/tushenghao/app/offline_runner.cpp:188:87: error: ‘struct mark::DetectorConfig’ has no member named ‘temporal_’; did you mean ‘temporal’?
  188 |                 temporal_ = std::make_unique<TemporalStabilizer>(app_.detector_config.temporal_);
      |                                                                                       ^~~~~~~~~
      |                                                                                       temporal
/home/tushenghao/projects/campus-marker-opencv-assignment/src/tushenghao/app/offline_runner.cpp:190:63: error: ‘struct mark::DetectorConfig’ has no member named ‘temporal_’; did you mean ‘temporal’?
  190 |                     DisplayHistoryConfig{app_.detector_config.temporal_.display_hold_enabled,
      |                                                               ^~~~~~~~~
      |                                                               temporal
/home/tushenghao/projects/campus-marker-opencv-assignment/src/tushenghao/app/offline_runner.cpp:191:63: error: ‘struct mark::DetectorConfig’ has no member named ‘temporal_’; did you mean ‘temporal’?
  191 |                                          app_.detector_config.temporal_.max_hold_frames});
      |                                                               ^~~~~~~~~
      |                                                               temporal
gmake[2]: *** [CMakeFiles/mark_offline.dir/build.make:76: CMakeFiles/mark_offline.dir/app/offline_runner.cpp.o] Error 1
gmake[2]: *** Waiting for unfinished jobs....
gmake[1]: *** [CMakeFiles/Makefile2:169: CMakeFiles/mark_offline.dir/all] Error 2
gmake[1]: *** Waiting for unfinished jobs....
gmake: *** [Makefile:101: all] Error 2
