-- Configuring done (0.0s)
-- Generating done (0.1s)
-- Build files have been written to: /tmp/campus-final-fixes-clean-20261006-164404/build
[  2%] Built target marker_display_probe
[ 31%] Built target mark_detector
[ 33%] Built target mark_frame_record_reader
[ 35%] Built target temporal_stabilizer_test
[ 37%] Built target timing_test
[ 38%] Building CXX object CMakeFiles/mark_offline.dir/app/offline_runner.cpp.o
[ 39%] Building CXX object CMakeFiles/mark_offline.dir/app/debug_renderer.cpp.o
[ 41%] Built target temporal_integration_test
[ 43%] Built target display_history_test
[ 45%] Built target assignment_completion_test
[ 47%] Built target block3_contract_regression_test
[ 48%] Building CXX object CMakeFiles/mark_offline.dir/app/input_completion.cpp.o
[ 51%] Built target corner_edge_fit_test
[ 53%] Built target config_contract_test
[ 55%] Built target config_error_test
[ 57%] Built target config_roundtrip_test
[ 59%] Built target detector_contract_test
[ 61%] Built target geometry_model_test
[ 63%] Built target geometry_utils_test
[ 65%] Built target geometry_matcher_test
[ 67%] Built target manual_validation_check
[ 69%] Built target corner_resolver_test
[ 71%] Built target screen_order_test
[ 73%] Built target semantic_resolver_test
[ 75%] Built target detection_validator_test
[ 77%] Built target geometry_l_topology_test
[ 79%] Built target observability_verify
[ 80%] Building CXX object CMakeFiles/mark_offline.dir/app/display_session.cpp.o
[ 82%] Built target final_fixes_verify
[ 83%] Building CXX object CMakeFiles/mark_offline.dir/app/video_exporter.cpp.o
[ 84%] Building CXX object CMakeFiles/mark_offline.dir/app/run_console.cpp.o
[ 86%] Built target diagnostics_record_test
[ 87%] Linking CXX static library libmark_offline.a
[ 87%] Built target mark_offline
[ 90%] Building CXX object CMakeFiles/observability_integration_test.dir/tests/observability_integration_test.cpp.o
[ 90%] Building CXX object CMakeFiles/decode_audit.dir/tools/audit/decode_audit.cpp.o
[ 90%] Linking CXX executable marker_app
[ 91%] Linking CXX executable debug_renderer_test
[ 92%] Built target debug_renderer_test
[ 93%] Building CXX object CMakeFiles/temporal_audit.dir/tools/audit/temporal_audit.cpp.o
[ 94%] Built target marker_app
[ 95%] Linking CXX executable geometry_audit
[ 96%] Linking CXX executable decode_audit
[ 97%] Built target geometry_audit
[ 97%] Built target decode_audit
[ 98%] Linking CXX executable temporal_audit
[ 98%] Built target temporal_audit
[100%] Linking CXX executable observability_integration_test
[100%] Built target observability_integration_test
